  [glm-5.2 j1 m01-lp/art_1] fabrication: 0件 ¥0.66511000 (4.5s)
  [glm-5.2 j1 m01-lp/art_2] fabrication: 0件 ¥1.28227000 (8.8s)
  [glm-5.2 j1 m02-event/art_1] fabrication: 0件 ¥0.82054000 (4.5s)
  [glm-5.2 j1 m02-event/art_2] fabrication: 0件 ¥0.82845000 (3.8s)
  [glm-5.2 j1 m03-scout/art_1] fabrication: 0件 ¥1.03764000 (6.7s)
  [glm-5.2 j1 m03-scout/art_2] fabrication: 1件 ¥1.31758000 (9.9s)
  [glm-5.2 j1 m04-ec/art_1] fabrication: 1件 ¥0.70995000 (4.6s)
  [glm-5.2 j1 m04-ec/art_2] fabrication: 0件 ¥0.57479000 (1.8s)
  [glm-5.2 j1 m05-portfolio/art_1] fabrication: 0件 ¥0.78358000 (5.2s)
  [glm-5.2 j1 m05-portfolio/art_2] fabrication: 0件 ¥0.80069000 (3.0s)
  [glm-5.2 j1 m06-news/art_1] fabrication: 1件 ¥1.05128000 (9.3s)
  [glm-5.2 j1 m06-news/art_2] fabrication: 1件 ¥0.44137000 (5.6s)
  [glm-5.2 j1 m07-recruit/art_1] fabrication: 0件 ¥1.35088000 (9.0s)
  [glm-5.2 j1 m07-recruit/art_2] fabrication: 0件 ¥1.48415000 (10.5s)
  [glm-5.2 j1 m08-apology/art_1] fabrication: 0件 ¥0.12828000 (0.7s)
  [glm-5.2 j1 m08-apology/art_2] fabrication: 0件 ¥0.75041000 (3.7s)
  [glm-5.2 j1 m09-spec/art_1] fabrication: 8件 ¥1.59375000 (11.2s)
  [glm-5.2 j1 m09-spec/art_2] fabrication: 0件 ¥1.72520000 (18.1s)
  [glm-5.2 j1 m10-invite/art_1] fabrication: 0件 ¥0.72696000 (2.6s)
  [glm-5.2 j1 m10-invite/art_2] fabrication: 0件 ¥0.77830000 (3.7s)
  [glm-5.2 j1 m11-brand/art_1] fabrication: 0件 ¥0.83788000 (3.1s)
  [glm-5.2 j1 m11-brand/art_2] fabrication: 0件 ¥0.76098000 (2.5s)
  [glm-5.2 j1 m12-faq/art_1] fabrication: 0件 ¥1.05929000 (6.5s)
  [glm-5.2 j1 m12-faq/art_2] fabrication: 0件 ¥1.11565000 (6.1s)
glm-5.2 judge1 fabrication 完了 → glm-5.2_judge1_fabrication_v5.json
