  [glm-5.2 j2 m01-lp/art_1] fabrication: 0件 ¥0.88871000 (6.4s)
  [glm-5.2 j2 m01-lp/art_2] fabrication: 0件 ¥1.53447000 (10.6s)
  [glm-5.2 j2 m02-event/art_1] fabrication: 0件 ¥0.90291000 (9.2s)
  [glm-5.2 j2 m02-event/art_2] fabrication: 1件 ¥0.66244000 (6.1s)
  [glm-5.2 j2 m03-scout/art_1] fabrication: 1件 ¥0.59548000 (5.8s)
  [glm-5.2 j2 m03-scout/art_2] fabrication: 1件 ¥1.51128000 (11.9s)
  [glm-5.2 j2 m04-ec/art_1] fabrication: 1件 ¥0.43765000 (4.3s)
  [glm-5.2 j2 m04-ec/art_2] fabrication: 0件 ¥0.36031000 (5.6s)
  [glm-5.2 j2 m05-portfolio/art_1] fabrication: 0件 ¥0.32037000 (4.6s)
  [glm-5.2 j2 m05-portfolio/art_2] fabrication: 0件 ¥0.17921000 (0.7s)
  [glm-5.2 j2 m06-news/art_1] fabrication: 1件 ¥2.30773000 (21.0s)
  [glm-5.2 j2 m06-news/art_2] fabrication: 0件 ¥0.55153000 (6.6s)
  [glm-5.2 j2 m07-recruit/art_1] fabrication: 0件 ¥2.31697000 (24.9s)
  [glm-5.2 j2 m07-recruit/art_2] fabrication: 0件 ¥0.78107000 (9.3s)
  [glm-5.2 j2 m08-apology/art_1] fabrication: 0件 ¥0.22838000 (1.9s)
  [glm-5.2 j2 m08-apology/art_2] fabrication: 0件 ¥0.12885000 (0.5s)
  [glm-5.2 j2 m09-spec/art_1] fabrication: 8件 ¥2.16720000 (23.9s)
  [glm-5.2 j2 m09-spec/art_2] fabrication: 0件 ¥0.66058000 (6.2s)
  [glm-5.2 j2 m10-invite/art_1] fabrication: 0件 ¥0.49181000 (4.2s)
  [glm-5.2 j2 m10-invite/art_2] fabrication: 0件 ¥0.59963000 (5.5s)
  [glm-5.2 j2 m11-brand/art_1] fabrication: 0件 ¥0.71029000 (5.5s)
  [glm-5.2 j2 m11-brand/art_2] fabrication: 2件 ¥1.55827000 (18.9s)
  [glm-5.2 j2 m12-faq/art_1] fabrication: 0件 ¥0.37776000 (3.0s)
  [glm-5.2 j2 m12-faq/art_2] fabrication: 0件 ¥0.58889000 (5.0s)
glm-5.2 judge2 fabrication 完了 → glm-5.2_judge2_fabrication_v5.json
