  [glm-5.2 j3 m01-lp/art_1] fabrication: 0件 ¥0.70346000 (2.8s)
  [glm-5.2 j3 m01-lp/art_2] fabrication: 0件 ¥1.38757000 (9.1s)
  [glm-5.2 j3 m02-event/art_1] fabrication: 0件 ¥0.99001000 (12.0s)
  [glm-5.2 j3 m02-event/art_2] fabrication: 0件 ¥0.81990000 (7.8s)
  [glm-5.2 j3 m03-scout/art_1] fabrication: 1件 ¥0.51941000 (5.2s)
  [glm-5.2 j3 m03-scout/art_2] fabrication: 1件 ¥1.20513000 (10.0s)
  [glm-5.2 j3 m04-ec/art_1] fabrication: 0件 ¥0.34925000 (3.1s)
  [glm-5.2 j3 m04-ec/art_2] fabrication: 0件 ¥0.30961000 (2.9s)
  [glm-5.2 j3 m05-portfolio/art_1] fabrication: 0件 ¥0.58167000 (8.9s)
  [glm-5.2 j3 m05-portfolio/art_2] fabrication: 0件 ¥0.86574000 (11.5s)
  [glm-5.2 j3 m06-news/art_1] fabrication: 0件 ¥1.14487000 (14.0s)
  [glm-5.2 j3 m06-news/art_2] fabrication: 0件 ¥0.31699000 (2.9s)
  [glm-5.2 j3 m07-recruit/art_1] fabrication: 3件 ¥1.05754000 (10.4s)
  [glm-5.2 j3 m07-recruit/art_2] fabrication: 0件 ¥1.18342000 (11.8s)
  [glm-5.2 j3 m08-apology/art_1] fabrication: 0件 ¥0.24788000 (2.8s)
  [glm-5.2 j3 m08-apology/art_2] fabrication: 0件 ¥0.58580000 (6.8s)
  [glm-5.2 j3 m09-spec/art_1] fabrication: 7件 ¥1.99545000 (16.6s)
  [glm-5.2 j3 m09-spec/art_2] fabrication: 0件 ¥0.47468000 (4.8s)
  [glm-5.2 j3 m10-invite/art_1] fabrication: 0件 ¥0.44306000 (8.4s)
  [glm-5.2 j3 m10-invite/art_2] fabrication: 0件 ¥0.61913000 (7.7s)
  [glm-5.2 j3 m11-brand/art_1] fabrication: 0件 ¥0.39764000 (3.2s)
  [glm-5.2 j3 m11-brand/art_2] fabrication: 0件 ¥0.39347000 (3.1s)
  [glm-5.2 j3 m12-faq/art_1] fabrication: 0件 ¥0.15098000 (0.5s)
  [glm-5.2 j3 m12-faq/art_2] fabrication: 0件 ¥0.34969000 (2.8s)
glm-5.2 judge3 fabrication 完了 → glm-5.2_judge3_fabrication_v5.json
