  [glm-5.2 j1 m01-lp/art_1] rework: 1件 ¥1.03041000 (11.8s)
  [glm-5.2 j1 m01-lp/art_2] rework: 2件 ¥2.03562000 (18.8s)
  [glm-5.2 j1 m02-event/art_1] rework: 1件 ¥1.22237000 (12.9s)
  [glm-5.2 j1 m02-event/art_2] rework: 0件 ¥1.21988000 (10.9s)
  [glm-5.2 j1 m03-scout/art_1] rework: 3件 ¥1.34631000 (18.8s)
  [glm-5.2 j1 m03-scout/art_2] rework: 3件 ¥1.38055000 (13.0s)
  [glm-5.2 j1 m04-ec/art_1] rework: 4件 ¥0.84614000 (7.7s)
  [glm-5.2 j1 m04-ec/art_2] rework: 5件 ¥1.65868000 (15.1s)
  [glm-5.2 j1 m05-portfolio/art_1] rework: 3件 ¥1.31486000 (13.8s)
  [glm-5.2 j1 m05-portfolio/art_2] rework: 3件 ¥1.38852000 (10.5s)
  [glm-5.2 j1 m06-news/art_1] rework: 2件 ¥1.17134000 (9.7s)
  [glm-5.2 j1 m06-news/art_2] rework: 3件 ¥1.31868000 (10.6s)
  [glm-5.2 j1 m07-recruit/art_1] rework: 4件 ¥1.69344000 (14.2s)
  [glm-5.2 j1 m07-recruit/art_2] rework: 4件 ¥2.02366000 (15.9s)
  [glm-5.2 j1 m08-apology/art_1] rework: 3件 ¥1.72182000 (14.7s)
  [glm-5.2 j1 m08-apology/art_2] rework: 3件 ¥1.51066000 (11.7s)
  [glm-5.2 j1 m09-spec/art_1] rework: 4件 ¥1.44954000 (11.2s)
  [glm-5.2 j1 m09-spec/art_2] rework: 4件 ¥1.52899000 (13.5s)
  [glm-5.2 j1 m10-invite/art_1] rework: 4件 ¥0.95153000 (6.8s)
  [glm-5.2 j1 m10-invite/art_2] rework: 4件 ¥1.10297000 (7.9s)
  [glm-5.2 j1 m11-brand/art_1] rework: 5件 ¥1.58472000 (11.3s)
  [glm-5.2 j1 m11-brand/art_2] rework: 3件 ¥1.42202000 (10.5s)
  [glm-5.2 j1 m12-faq/art_1] rework: 5件 ¥1.30038000 (9.4s)
  [glm-5.2 j1 m12-faq/art_2] rework: 3件 ¥1.28459000 (10.7s)
glm-5.2 judge1 rework 完了 → glm-5.2_judge1_rework_v5.json
