  [glm-5.2 j3 m01-lp/art_1] rework: 1件 ¥0.95111000 (9.6s)
  [glm-5.2 j3 m01-lp/art_2] rework: 1件 ¥1.68982000 (15.0s)
  [glm-5.2 j3 m02-event/art_1] rework: 4件 ¥1.61107000 (15.9s)
  [glm-5.2 j3 m02-event/art_2] rework: 1件 ¥1.46883000 (12.4s)
  [glm-5.2 j3 m03-scout/art_1] rework: 2件 ¥1.38011000 (17.0s)
  [glm-5.2 j3 m03-scout/art_2] rework: 1件 ¥1.35325000 (9.9s)
  [glm-5.2 j3 m04-ec/art_1] rework: 3件 ¥0.88254000 (7.5s)
  [glm-5.2 j3 m04-ec/art_2] rework: 4件 ¥1.30898000 (10.6s)
  [glm-5.2 j3 m05-portfolio/art_1] rework: 4件 ¥1.75231000 (15.3s)
  [glm-5.2 j3 m05-portfolio/art_2] rework: 3件 ¥1.34692000 (9.7s)
  [glm-5.2 j3 m06-news/art_1] rework: 2件 ¥1.03419000 (10.4s)
  [glm-5.2 j3 m06-news/art_2] rework: 3件 ¥1.34923000 (15.3s)
  [glm-5.2 j3 m07-recruit/art_1] rework: 3件 ¥1.45749000 (10.8s)
  [glm-5.2 j3 m07-recruit/art_2] rework: 2件 ¥2.39351000 (21.4s)
  [glm-5.2 j3 m08-apology/art_1] rework: 4件 ¥1.51252000 (16.6s)
  [glm-5.2 j3 m08-apology/art_2] rework: 5件 ¥1.19996000 (8.2s)
  [glm-5.2 j3 m09-spec/art_1] rework: 4件 ¥2.12944000 (15.9s)
  [glm-5.2 j3 m09-spec/art_2] rework: 4件 ¥1.27744000 (9.6s)
  [glm-5.2 j3 m10-invite/art_1] rework: 4件 ¥1.23948000 (9.7s)
  [glm-5.2 j3 m10-invite/art_2] rework: 3件 ¥1.17187000 (7.7s)
  [glm-5.2 j3 m11-brand/art_1] rework: 7件 ¥1.58082000 (10.3s)
  [glm-5.2 j3 m11-brand/art_2] rework: 4件 ¥1.37587000 (9.2s)
  [glm-5.2 j3 m12-faq/art_1] rework: 3件 ¥0.84928000 (6.3s)
  [glm-5.2 j3 m12-faq/art_2] rework: 2件 ¥1.64144000 (12.6s)
glm-5.2 judge3 rework 完了 → glm-5.2_judge3_rework_v5.json
