  [glm-5.2 j2 m01-lp/art_1] rework: 1件 ¥1.19811000 (13.6s)
  [glm-5.2 j2 m01-lp/art_2] rework: 1件 ¥1.79837000 (17.0s)
  [glm-5.2 j2 m02-event/art_1] rework: 2件 ¥1.66697000 (16.6s)
  [glm-5.2 j2 m02-event/art_2] rework: 0件 ¥0.77853000 (4.7s)
  [glm-5.2 j2 m03-scout/art_1] rework: 1件 ¥1.35151000 (21.3s)
  [glm-5.2 j2 m03-scout/art_2] rework: 3件 ¥1.86610000 (17.6s)
  [glm-5.2 j2 m04-ec/art_1] rework: 4件 ¥1.36874000 (13.0s)
  [glm-5.2 j2 m04-ec/art_2] rework: 3件 ¥1.32664000 (16.7s)
  [glm-5.2 j2 m05-portfolio/art_1] rework: 4件 ¥1.29838000 (14.3s)
  [glm-5.2 j2 m05-portfolio/art_2] rework: 4件 ¥1.68086000 (18.5s)
  [glm-5.2 j2 m06-news/art_1] rework: 2件 ¥1.13351000 (13.0s)
  [glm-5.2 j2 m06-news/art_2] rework: 2件 ¥0.92092000 (9.0s)
  [glm-5.2 j2 m07-recruit/art_1] rework: 4件 ¥0.91068000 (9.6s)
  [glm-5.2 j2 m07-recruit/art_2] rework: 3件 ¥1.74676000 (13.4s)
  [glm-5.2 j2 m08-apology/art_1] rework: 4件 ¥1.28307000 (10.1s)
  [glm-5.2 j2 m08-apology/art_2] rework: 4件 ¥1.24286000 (10.3s)
  [glm-5.2 j2 m09-spec/art_1] rework: 5件 ¥1.54834000 (12.3s)
  [glm-5.2 j2 m09-spec/art_2] rework: 5件 ¥1.10519000 (8.2s)
  [glm-5.2 j2 m10-invite/art_1] rework: 3件 ¥1.08088000 (6.9s)
  [glm-5.2 j2 m10-invite/art_2] rework: 4件 ¥1.16407000 (9.4s)
  [glm-5.2 j2 m11-brand/art_1] rework: 4件 ¥1.72447000 (13.5s)
  [glm-5.2 j2 m11-brand/art_2] rework: 4件 ¥1.25367000 (9.6s)
  [glm-5.2 j2 m12-faq/art_1] rework: 3件 ¥1.25358000 (9.4s)
  [glm-5.2 j2 m12-faq/art_2] rework: 2件 ¥1.66874000 (12.8s)
glm-5.2 judge2 rework 完了 → glm-5.2_judge2_rework_v5.json
