  [kimi-k3 j3 m01-lp/art_1] rework: 2件 ¥2.95208000 (26.8s)
  [kimi-k3 j3 m01-lp/art_2] rework: 3件 ¥2.74984000 (35.1s)
  [kimi-k3 j3 m02-event/art_1] rework: 3件 ¥3.01448000 (37.2s)
  [kimi-k3 j3 m02-event/art_2] rework: 1件 ¥2.78960000 (38.0s)
  [kimi-k3 j3 m03-scout/art_1] rework: 2件 ¥2.11776000 (26.4s)
  [kimi-k3 j3 m03-scout/art_2] rework: 4件 ¥3.95480000 (49.4s)
  [kimi-k3 j3 m04-ec/art_1] rework: 5件 ¥2.85568000 (23.0s)
  [kimi-k3 j3 m04-ec/art_2] rework: 5件 ¥3.09632000 (26.8s)
  [kimi-k3 j3 m05-portfolio/art_1] rework: 6件 ¥3.91992000 (34.1s)
  [kimi-k3 j3 m05-portfolio/art_2] rework: 5件 ¥2.62464000 (21.3s)
  [kimi-k3 j3 m06-news/art_1] rework: 3件 ¥2.21184000 (17.4s)
  [kimi-k3 j3 m06-news/art_2] rework: 5件 ¥2.87424000 (24.4s)
  [kimi-k3 j3 m07-recruit/art_1] rework: 5件 ¥3.39400000 (28.6s)
  [kimi-k3 j3 m07-recruit/art_2] rework: 4件 ¥3.17392000 (26.2s)
  [kimi-k3 j3 m08-apology/art_1] rework: 5件 ¥2.94392000 (27.2s)
  [kimi-k3 j3 m08-apology/art_2] rework: 5件 ¥2.63008000 (25.0s)
  [kimi-k3 j3 m09-spec/art_1] rework: 6件 ¥5.14008000 (44.5s)
  [kimi-k3 j3 m09-spec/art_2] rework: 5件 ¥4.21872000 (41.5s)
  [kimi-k3 j3 m10-invite/art_1] rework: 4件 ¥2.10720000 (17.9s)
  [kimi-k3 j3 m10-invite/art_2] rework: 4件 ¥2.85432000 (22.9s)
  [kimi-k3 j3 m11-brand/art_1] rework: 5件 ¥2.67856000 (24.1s)
  [kimi-k3 j3 m11-brand/art_2] rework: 4件 ¥3.20480000 (28.4s)
  [kimi-k3 j3 m12-faq/art_1] rework: 4件 ¥1.88384000 (18.5s)
  [kimi-k3 j3 m12-faq/art_2] rework: 4件 ¥3.11760000 (29.8s)
kimi-k3 judge3 rework 完了 → kimi-k3_judge3_rework_v5.json
