  [kimi-k3 j2 m01-lp/art_1] fabrication: 0件 ¥1.89416000 (4.4s)
  [kimi-k3 j2 m01-lp/art_2] fabrication: 0件 ¥2.32232000 (5.4s)
  [kimi-k3 j2 m02-event/art_1] fabrication: 0件 ¥2.05680000 (4.6s)
  [kimi-k3 j2 m02-event/art_2] fabrication: 3件 ¥2.79992000 (13.6s)
  [kimi-k3 j2 m03-scout/art_1] fabrication: 1件 ¥2.36488000 (12.5s)
  [kimi-k3 j2 m03-scout/art_2] fabrication: 1件 ¥2.15472000 (7.0s)
  [kimi-k3 j2 m04-ec/art_1] fabrication: 0件 ¥1.38872000 (1.5s)
  [kimi-k3 j2 m04-ec/art_2] fabrication: 0件 ¥1.62896000 (3.9s)
  [kimi-k3 j2 m05-portfolio/art_1] fabrication: 0件 ¥1.85744000 (3.0s)
  [kimi-k3 j2 m05-portfolio/art_2] fabrication: 0件 ¥2.07176000 (4.6s)
  [kimi-k3 j2 m06-news/art_1] fabrication: 1件 ¥2.27264000 (12.6s)
  [kimi-k3 j2 m06-news/art_2] fabrication: 0件 ¥1.53864000 (6.2s)
  [kimi-k3 j2 m07-recruit/art_1] fabrication: 0件 ¥2.24544000 (3.3s)
  [kimi-k3 j2 m07-recruit/art_2] fabrication: 0件 ¥2.67896000 (9.6s)
  [kimi-k3 j2 m08-apology/art_1] fabrication: 0件 ¥1.48864000 (4.7s)
  [kimi-k3 j2 m08-apology/art_2] fabrication: 0件 ¥1.52000000 (2.1s)
  [kimi-k3 j2 m09-spec/art_1] fabrication: 4件 ¥5.64712000 (57.0s)
  [kimi-k3 j2 m09-spec/art_2] fabrication: 0件 ¥0.95096000 (11.3s)
  [kimi-k3 j2 m10-invite/art_1] fabrication: 0件 ¥0.55784000 (4.3s)
  [kimi-k3 j2 m10-invite/art_2] fabrication: 0件 ¥0.44896000 (2.8s)
  [kimi-k3 j2 m11-brand/art_1] fabrication: 0件 ¥0.90480000 (7.8s)
  [kimi-k3 j2 m11-brand/art_2] fabrication: 0件 ¥0.62104000 (5.0s)
  [kimi-k3 j2 m12-faq/art_1] fabrication: 0件 ¥0.55064000 (2.9s)
  [kimi-k3 j2 m12-faq/art_2] fabrication: 0件 ¥1.05040000 (7.2s)
kimi-k3 judge2 fabrication 完了 → kimi-k3_judge2_fabrication_v5.json
