  [kimi-k3 j3 m01-lp/art_1] fabrication: 0件 ¥1.89016000 (4.5s)
  [kimi-k3 j3 m01-lp/art_2] fabrication: 0件 ¥2.22432000 (3.8s)
  [kimi-k3 j3 m02-event/art_1] fabrication: 0件 ¥1.84280000 (2.3s)
  [kimi-k3 j3 m02-event/art_2] fabrication: 2件 ¥2.58192000 (11.8s)
  [kimi-k3 j3 m03-scout/art_1] fabrication: 1件 ¥2.08888000 (9.1s)
  [kimi-k3 j3 m03-scout/art_2] fabrication: 1件 ¥2.20872000 (8.2s)
  [kimi-k3 j3 m04-ec/art_1] fabrication: 0件 ¥1.49672000 (3.1s)
  [kimi-k3 j3 m04-ec/art_2] fabrication: 0件 ¥1.68496000 (4.0s)
  [kimi-k3 j3 m05-portfolio/art_1] fabrication: 0件 ¥1.89744000 (3.8s)
  [kimi-k3 j3 m05-portfolio/art_2] fabrication: 0件 ¥2.24176000 (5.5s)
  [kimi-k3 j3 m06-news/art_1] fabrication: 1件 ¥2.20464000 (13.3s)
  [kimi-k3 j3 m06-news/art_2] fabrication: 0件 ¥1.75064000 (7.2s)
  [kimi-k3 j3 m07-recruit/art_1] fabrication: 1件 ¥4.51544000 (34.3s)
  [kimi-k3 j3 m07-recruit/art_2] fabrication: 0件 ¥0.89536000 (6.7s)
  [kimi-k3 j3 m08-apology/art_1] fabrication: 0件 ¥0.49584000 (3.0s)
  [kimi-k3 j3 m08-apology/art_2] fabrication: 0件 ¥0.50080000 (4.5s)
  [kimi-k3 j3 m09-spec/art_1] fabrication: 0件 ¥0.90112000 (11.9s)
  [kimi-k3 j3 m09-spec/art_2] fabrication: 1件 ¥1.36496000 (13.7s)
  [kimi-k3 j3 m10-invite/art_1] fabrication: 0件 ¥0.64984000 (3.4s)
  [kimi-k3 j3 m10-invite/art_2] fabrication: 0件 ¥0.58896000 (5.8s)
  [kimi-k3 j3 m11-brand/art_1] fabrication: 0件 ¥0.72880000 (4.9s)
  [kimi-k3 j3 m11-brand/art_2] fabrication: 0件 ¥0.52504000 (4.6s)
  [kimi-k3 j3 m12-faq/art_1] fabrication: 0件 ¥0.83064000 (8.3s)
  [kimi-k3 j3 m12-faq/art_2] fabrication: 0件 ¥0.87840000 (11.2s)
kimi-k3 judge3 fabrication 完了 → kimi-k3_judge3_fabrication_v5.json
