  [kimi-k3 j1 m01-lp/art_1] rework: 3件 ¥4.30408000 (42.7s)
  [kimi-k3 j1 m01-lp/art_2] rework: 4件 ¥3.94784000 (50.3s)
  [kimi-k3 j1 m02-event/art_1] rework: 4件 ¥2.93448000 (37.6s)
  [kimi-k3 j1 m02-event/art_2] rework: 1件 ¥2.14760000 (27.7s)
  [kimi-k3 j1 m03-scout/art_1] rework: 3件 ¥2.91056000 (40.8s)
  [kimi-k3 j1 m03-scout/art_2] rework: 4件 ¥3.88480000 (33.2s)
  [kimi-k3 j1 m04-ec/art_1] rework: 5件 ¥2.45368000 (20.5s)
  [kimi-k3 j1 m04-ec/art_2] rework: 6件 ¥2.69632000 (22.5s)
  [kimi-k3 j1 m05-portfolio/art_1] rework: 6件 ¥4.32792000 (36.8s)
  [kimi-k3 j1 m05-portfolio/art_2] rework: 5件 ¥2.17864000 (18.2s)
  [kimi-k3 j1 m06-news/art_1] rework: 3件 ¥2.49584000 (20.7s)
  [kimi-k3 j1 m06-news/art_2] rework: 5件 ¥2.04624000 (17.5s)
  [kimi-k3 j1 m07-recruit/art_1] rework: 6件 ¥4.37400000 (36.8s)
  [kimi-k3 j1 m07-recruit/art_2] rework: 3件 ¥2.78392000 (24.7s)
  [kimi-k3 j1 m08-apology/art_1] rework: 5件 ¥2.61792000 (22.1s)
  [kimi-k3 j1 m08-apology/art_2] rework: 5件 ¥2.67288000 (24.7s)
  [kimi-k3 j1 m09-spec/art_1] rework: 6件 ¥4.10888000 (36.4s)
  [kimi-k3 j1 m09-spec/art_2] rework: 5件 ¥3.40472000 (30.7s)
  [kimi-k3 j1 m10-invite/art_1] rework: 4件 ¥2.28520000 (21.7s)
  [kimi-k3 j1 m10-invite/art_2] rework: 4件 ¥3.06632000 (25.7s)
  [kimi-k3 j1 m11-brand/art_1] rework: 7件 ¥3.73256000 (35.8s)
  [kimi-k3 j1 m11-brand/art_2] rework: 5件 ¥2.76880000 (24.9s)
  [kimi-k3 j1 m12-faq/art_1] rework: 4件 ¥2.65384000 (26.0s)
  [kimi-k3 j1 m12-faq/art_2] rework: 2件 ¥1.99360000 (16.0s)
kimi-k3 judge1 rework 完了 → kimi-k3_judge1_rework_v5.json
