  [kimi-k3 j1 m01-lp/art_1] fabrication: 0件 ¥1.89416000 (4.5s)
  [kimi-k3 j1 m01-lp/art_2] fabrication: 0件 ¥2.27432000 (4.6s)
  [kimi-k3 j1 m02-event/art_1] fabrication: 1件 ¥2.44280000 (10.2s)
  [kimi-k3 j1 m02-event/art_2] fabrication: 1件 ¥2.76192000 (12.9s)
  [kimi-k3 j1 m03-scout/art_1] fabrication: 1件 ¥1.06368000 (9.8s)
  [kimi-k3 j1 m03-scout/art_2] fabrication: 1件 ¥0.85392000 (7.0s)
  [kimi-k3 j1 m04-ec/art_1] fabrication: 0件 ¥0.39792000 (1.7s)
  [kimi-k3 j1 m04-ec/art_2] fabrication: 0件 ¥0.50456000 (3.8s)
  [kimi-k3 j1 m05-portfolio/art_1] fabrication: 0件 ¥0.49624000 (1.7s)
  [kimi-k3 j1 m05-portfolio/art_2] fabrication: 0件 ¥0.63776000 (6.7s)
  [kimi-k3 j1 m06-news/art_1] fabrication: 2件 ¥1.75264000 (19.4s)
  [kimi-k3 j1 m06-news/art_2] fabrication: 0件 ¥0.93904000 (7.9s)
  [kimi-k3 j1 m07-recruit/art_1] fabrication: 0件 ¥0.65344000 (5.0s)
  [kimi-k3 j1 m07-recruit/art_2] fabrication: 0件 ¥0.98136000 (10.0s)
  [kimi-k3 j1 m08-apology/art_1] fabrication: 0件 ¥0.53984000 (3.1s)
  [kimi-k3 j1 m08-apology/art_2] fabrication: 0件 ¥0.59680000 (3.0s)
  [kimi-k3 j1 m09-spec/art_1] fabrication: 0件 ¥0.65112000 (5.4s)
  [kimi-k3 j1 m09-spec/art_2] fabrication: 0件 ¥0.61896000 (5.3s)
  [kimi-k3 j1 m10-invite/art_1] fabrication: 0件 ¥0.51584000 (3.2s)
  [kimi-k3 j1 m10-invite/art_2] fabrication: 0件 ¥1.71136000 (5.3s)
  [kimi-k3 j1 m11-brand/art_1] fabrication: 0件 ¥0.65680000 (4.6s)
  [kimi-k3 j1 m11-brand/art_2] fabrication: 0件 ¥0.70104000 (6.1s)
  [kimi-k3 j1 m12-faq/art_1] fabrication: 0件 ¥0.51864000 (4.4s)
  [kimi-k3 j1 m12-faq/art_2] fabrication: 0件 ¥0.55240000 (5.0s)
kimi-k3 judge1 fabrication 完了 → kimi-k3_judge1_fabrication_v5.json
