  [kimi-k3 j2 m01-lp/art_1] rework: 1件 ¥2.19208000 (17.1s)
  [kimi-k3 j2 m01-lp/art_2] rework: 4件 ¥5.71424000 (56.1s)
  [kimi-k3 j2 m02-event/art_1] rework: 4件 ¥3.60248000 (46.6s)
  [kimi-k3 j2 m02-event/art_2] rework: 3件 ¥4.27960000 (64.6s)
  [kimi-k3 j2 m03-scout/art_1] rework: 2件 ¥2.68056000 (26.3s)
  [kimi-k3 j2 m03-scout/art_2] rework: 4件 ¥3.03680000 (24.4s)
  [kimi-k3 j2 m04-ec/art_1] rework: 5件 ¥2.48768000 (22.4s)
  [kimi-k3 j2 m04-ec/art_2] rework: 5件 ¥2.42832000 (20.6s)
  [kimi-k3 j2 m05-portfolio/art_1] rework: 6件 ¥4.23592000 (35.8s)
  [kimi-k3 j2 m05-portfolio/art_2] rework: 5件 ¥2.99664000 (24.7s)
  [kimi-k3 j2 m06-news/art_1] rework: 3件 ¥2.56064000 (21.3s)
  [kimi-k3 j2 m06-news/art_2] rework: 5件 ¥3.32224000 (30.3s)
  [kimi-k3 j2 m07-recruit/art_1] rework: 6件 ¥4.25600000 (34.3s)
  [kimi-k3 j2 m07-recruit/art_2] rework: 4件 ¥3.22072000 (27.7s)
  [kimi-k3 j2 m08-apology/art_1] rework: 3件 ¥3.02592000 (28.6s)
  [kimi-k3 j2 m08-apology/art_2] rework: 5件 ¥3.76608000 (34.1s)
  [kimi-k3 j2 m09-spec/art_1] rework: 5件 ¥3.55808000 (31.4s)
  [kimi-k3 j2 m09-spec/art_2] rework: 6件 ¥6.91672000 (63.2s)
  [kimi-k3 j2 m10-invite/art_1] rework: 4件 ¥2.54120000 (23.9s)
  [kimi-k3 j2 m10-invite/art_2] rework: 3件 ¥2.96232000 (27.0s)
  [kimi-k3 j2 m11-brand/art_1] rework: 5件 ¥3.04656000 (27.0s)
  [kimi-k3 j2 m11-brand/art_2] rework: 6件 ¥2.77080000 (20.5s)
  [kimi-k3 j2 m12-faq/art_1] rework: 5件 ¥2.56384000 (20.4s)
  [kimi-k3 j2 m12-faq/art_2] rework: 6件 ¥3.84160000 (28.6s)
kimi-k3 judge2 rework 完了 → kimi-k3_judge2_rework_v5.json
