  [glm-5.2 m01-lp raw r1] 7076B
  [glm-5.2 m01-lp raw r2] 9473B
  [glm-5.2 m01-lp raw r3] 7016B
  [glm-5.2 m01-lp raw r4] 5875B
  [glm-5.2 m01-lp raw r5] 9601B
  [glm-5.2 m01-lp compiled r1] 5495B
  [glm-5.2 m01-lp compiled r2] 5229B
  [glm-5.2 m01-lp compiled r3] 6085B
  [glm-5.2 m01-lp compiled r4] 6846B
  [glm-5.2 m01-lp compiled r5] 5835B
  [glm-5.2 m02-event raw r1] 5045B
  [glm-5.2 m02-event raw r2] 5227B
  [glm-5.2 m02-event raw r3] 7292B
  [glm-5.2 m02-event raw r4] 6058B
  [glm-5.2 m02-event raw r5] 5018B
  [glm-5.2 m02-event compiled r1] 5203B
  [glm-5.2 m02-event compiled r2] 4476B
  [glm-5.2 m02-event compiled r3] 3507B
  [glm-5.2 m02-event compiled r4] 5549B
  [glm-5.2 m02-event compiled r5] 4910B
  [glm-5.2 m03-scout raw r1] 2924B
  [glm-5.2 m03-scout raw r2] 3070B
  [glm-5.2 m03-scout raw r3] 2486B
  [glm-5.2 m03-scout raw r4] 2863B
  [glm-5.2 m03-scout raw r5] 2605B
  [glm-5.2 m03-scout compiled r1] 2996B
  [glm-5.2 m03-scout compiled r2] 2667B
  [glm-5.2 m03-scout compiled r3] 3113B
  [glm-5.2 m03-scout compiled r4] 2750B
  [glm-5.2 m03-scout compiled r5] 3769B
  [glm-5.2 m04-ec raw r1] 2861B
  [glm-5.2 m04-ec raw r2] 2953B
  [glm-5.2 m04-ec raw r3] 2563B
  [glm-5.2 m04-ec raw r4] 3121B
  [glm-5.2 m04-ec raw r5] 3330B
  [glm-5.2 m04-ec compiled r1] 3781B
  [glm-5.2 m04-ec compiled r2] 2436B
  [glm-5.2 m04-ec compiled r3] 2875B
  [glm-5.2 m04-ec compiled r4] 2877B
  [glm-5.2 m04-ec compiled r5] 3443B
  [glm-5.2 m05-portfolio raw r1] 5395B
  [glm-5.2 m05-portfolio raw r2] 4516B
  [glm-5.2 m05-portfolio raw r3] 5225B
  [glm-5.2 m05-portfolio raw r4] 4310B
  [glm-5.2 m05-portfolio raw r5] 6178B
  [glm-5.2 m05-portfolio compiled r1] 6040B
  [glm-5.2 m05-portfolio compiled r2] 5144B
  [glm-5.2 m05-portfolio compiled r3] 5304B
  [glm-5.2 m05-portfolio compiled r4] 4071B
  [glm-5.2 m05-portfolio compiled r5] 5141B
  [glm-5.2 m06-news raw r1] 2623B
  [glm-5.2 m06-news raw r2] 2568B
  [glm-5.2 m06-news raw r3] 2433B
  [glm-5.2 m06-news raw r4] 2731B
  [glm-5.2 m06-news raw r5] 1984B
  [glm-5.2 m06-news compiled r1] 2617B
  [glm-5.2 m06-news compiled r2] 2304B
  [glm-5.2 m06-news compiled r3] 2450B
  [glm-5.2 m06-news compiled r4] 2135B
  [glm-5.2 m06-news compiled r5] 2276B
  [glm-5.2 m07-recruit raw r1] 5027B
  [glm-5.2 m07-recruit raw r2] 5696B
  [glm-5.2 m07-recruit raw r3] 6813B
  [glm-5.2 m07-recruit raw r4] 5752B
  [glm-5.2 m07-recruit raw r5] 6360B
  [glm-5.2 m07-recruit compiled r1] 5502B
  [glm-5.2 m07-recruit compiled r2] 4877B
  [glm-5.2 m07-recruit compiled r3] 4490B
  [glm-5.2 m07-recruit compiled r4] 6678B
  [glm-5.2 m07-recruit compiled r5] 4374B
  [glm-5.2 m08-apology raw r1] 2615B
  [glm-5.2 m08-apology raw r2] 3596B
  [glm-5.2 m08-apology raw r3] 2743B
  [glm-5.2 m08-apology raw r4] 3101B
  [glm-5.2 m08-apology raw r5] 2710B
  [glm-5.2 m08-apology compiled r1] 2771B
  [glm-5.2 m08-apology compiled r2] 2640B
  [glm-5.2 m08-apology compiled r3] 2138B
  [glm-5.2 m08-apology compiled r4] 2822B
  [glm-5.2 m08-apology compiled r5] 2096B
  [glm-5.2 m09-spec raw r1] 3262B
  [glm-5.2 m09-spec raw r2] 2768B
  [glm-5.2 m09-spec raw r3] 2574B
  [glm-5.2 m09-spec raw r4] 2534B
  [glm-5.2 m09-spec raw r5] 3358B
  [glm-5.2 m09-spec compiled r1] 3633B
  [glm-5.2 m09-spec compiled r2] 2798B
  [glm-5.2 m09-spec compiled r3] 2711B
  [glm-5.2 m09-spec compiled r4] 2893B
  [glm-5.2 m09-spec compiled r5] 3929B
  [glm-5.2 m10-invite raw r1] 3021B
  [glm-5.2 m10-invite raw r2] 3029B
  [glm-5.2 m10-invite raw r3] 2451B
  [glm-5.2 m10-invite raw r4] 3100B
  [glm-5.2 m10-invite raw r5] 2917B
  [glm-5.2 m10-invite compiled r1] 3166B
  [glm-5.2 m10-invite compiled r2] 2913B
  [glm-5.2 m10-invite compiled r3] 3825B
  [glm-5.2 m10-invite compiled r4] 2725B
  [glm-5.2 m10-invite compiled r5] 3239B
  [glm-5.2 m11-brand raw r1] 7544B
  [glm-5.2 m11-brand raw r2] 6935B
  [glm-5.2 m11-brand raw r3] 5509B
  [glm-5.2 m11-brand raw r4] 6959B
  [glm-5.2 m11-brand raw r5] 9277B
  [glm-5.2 m11-brand compiled r1] 3568B
  [glm-5.2 m11-brand compiled r2] 3347B
  [glm-5.2 m11-brand compiled r3] 4195B
  [glm-5.2 m11-brand compiled r4] 5280B
  [glm-5.2 m11-brand compiled r5] 4387B
  [glm-5.2 m12-faq raw r1] 5326B
  [glm-5.2 m12-faq raw r2] 7100B
  [glm-5.2 m12-faq raw r3] 5716B
  [glm-5.2 m12-faq raw r4] 6760B
  [glm-5.2 m12-faq raw r5] 6155B
  [glm-5.2 m12-faq compiled r1] 6144B
  [glm-5.2 m12-faq compiled r2] 5994B
  [glm-5.2 m12-faq compiled r3] 6127B
  [glm-5.2 m12-faq compiled r4] 5987B
  [glm-5.2 m12-faq compiled r5] 6261B
