  [kimi-k3 m01-lp raw r1] 4688B
  [kimi-k3 m01-lp compiled r1] 4788B
  [kimi-k3 m02-event raw r1] 4693B
  [kimi-k3 m02-event compiled r1] 3291B
  [kimi-k3 m03-scout raw r1] 2002B
  [kimi-k3 m03-scout compiled r1] 2792B
  [kimi-k3 m04-ec raw r1] 2399B
  [kimi-k3 m04-ec compiled r1] 2138B
  [kimi-k3 m05-portfolio raw r1] 4293B
  [kimi-k3 m05-portfolio compiled r1] 5065B
  [kimi-k3 m06-news raw r1] 1893B
  [kimi-k3 m06-news compiled r1] 2288B
  [kimi-k3 m07-recruit raw r1] 4514B
  [kimi-k3 m07-recruit compiled r1] 5521B
  [kimi-k3 m08-apology raw r1] 2049B
  [kimi-k3 m08-apology compiled r1] 2322B
  [kimi-k3 m09-spec raw r1] 1868B
  [kimi-k3 m09-spec compiled r1] 2377B
  [kimi-k3 m10-invite raw r1] 2045B
  [kimi-k3 m10-invite compiled r1] 2025B
  [kimi-k3 m11-brand raw r1] 4218B
  [kimi-k3 m11-brand compiled r1] 4356B
  [kimi-k3 m12-faq raw r1] 5883B
  [kimi-k3 m12-faq compiled r1] 5238B
