  [judge3 m01-lp/art_1] rework: 1件
  [judge3 m01-lp/art_2] rework: 2件
  [judge3 m02-event/art_1] rework: 3件
  [judge3 m02-event/art_2] rework: 1件
  [m03-scout/art_1] rework JSON不読 (期待した形のJSONオブジェクトを抽出できない) — スキップ(再実行可)
  [judge3 m03-scout/art_2] rework: 1件
  [judge3 m04-ec/art_1] rework: 5件
  [judge3 m04-ec/art_2] rework: 3件
  [judge3 m05-portfolio/art_1] rework: 4件
  [judge3 m05-portfolio/art_2] rework: 3件
  [m06-news/art_1] rework JSON不読 (期待した形のJSONオブジェクトを抽出できない) — スキップ(再実行可)
  [m06-news/art_2] rework JSON不読 (期待した形のJSONオブジェクトを抽出できない) — スキップ(再実行可)
  [judge3 m07-recruit/art_1] rework: 3件
  [judge3 m07-recruit/art_2] rework: 3件
  [m08-apology/art_1] rework JSON不読 (期待した形のJSONオブジェクトを抽出できない) — スキップ(再実行可)
  [judge3 m08-apology/art_2] rework: 3件
  [judge3 m09-spec/art_1] rework: 4件
  [judge3 m09-spec/art_2] rework: 3件
  [judge3 m10-invite/art_1] rework: 2件
  [m10-invite/art_2] rework JSON不読 (期待した形のJSONオブジェクトを抽出できない) — スキップ(再実行可)
  [judge3 m11-brand/art_1] rework: 5件
  [judge3 m11-brand/art_2] rework: 4件
  [judge3 m12-faq/art_1] rework: 2件
  [m12-faq/art_2] rework JSON不読 (期待した形のJSONオブジェクトを抽出できない) — スキップ(再実行可)
judge3 rework 完了 → judge3_v6.json
