  [glm-5.2 j3 m01-lp/art_1] fabrication: 0件 ¥0.69501000 (4.1s)
  [glm-5.2 j3 m01-lp/art_2] fabrication: 0件 ¥1.38322000 (9.2s)
  [glm-5.2 j3 m02-event/art_1] fabrication: 0件 ¥0.78934000 (2.8s)
  [glm-5.2 j3 m02-event/art_2] fabrication: 0件 ¥0.76124000 (2.9s)
  [glm-5.2 j3 m03-scout/art_1] fabrication: 1件 ¥1.12279000 (7.1s)
  [glm-5.2 j3 m03-scout/art_2] fabrication: 0件 ¥0.96493000 (5.9s)
  [glm-5.2 j3 m04-ec/art_1] fabrication: 0件 ¥0.99990000 (5.7s)
  [glm-5.2 j3 m04-ec/art_2] fabrication: 2件 ¥1.32420000 (11.1s)
  [glm-5.2 j3 m05-portfolio/art_1] fabrication: 0件 ¥0.57532000 (4.5s)
  [glm-5.2 j3 m05-portfolio/art_2] fabrication: 0件 ¥0.52614000 (4.2s)
  [glm-5.2 j3 m06-news/art_1] fabrication: 2件 ¥1.56847000 (12.2s)
  [glm-5.2 j3 m06-news/art_2] fabrication: 1件 ¥1.34637000 (10.0s)
  [glm-5.2 j3 m07-recruit/art_1] fabrication: 0件 ¥0.68031000 (0.9s)
  [glm-5.2 j3 m07-recruit/art_2] fabrication: 0件 ¥1.65770000 (15.5s)
  [glm-5.2 j3 m08-apology/art_1] fabrication: 0件 ¥0.63601000 (2.7s)
  [glm-5.2 j3 m08-apology/art_2] fabrication: 0件 ¥0.61153000 (2.3s)
  [glm-5.2 j3 m09-spec/art_1] fabrication: 0件 ¥0.79050000 (4.2s)
  [glm-5.2 j3 m09-spec/art_2] fabrication: 10件 ¥1.32725000 (11.5s)
  [glm-5.2 j3 m10-invite/art_1] fabrication: 0件 ¥1.07604000 (7.2s)
  [glm-5.2 j3 m10-invite/art_2] fabrication: 0件 ¥0.91415000 (6.9s)
  [glm-5.2 j3 m11-brand/art_1] fabrication: 0件 ¥0.83248000 (4.6s)
  [glm-5.2 j3 m11-brand/art_2] fabrication: 0件 ¥0.81371000 (3.4s)
  [glm-5.2 j3 m12-faq/art_1] fabrication: 3件 ¥1.26641000 (7.7s)
  [glm-5.2 j3 m12-faq/art_2] fabrication: 0件 ¥0.86689000 (3.5s)
glm-5.2 judge3 fabrication 完了 → glm-5.2_judge3_fabrication_v4.json
