  [glm-5.2 j2 m01-lp/art_1] fabrication: 0件 ¥0.75546000 (4.5s)
  [glm-5.2 j2 m01-lp/art_2] fabrication: 0件 ¥0.88077000 (4.2s)
  [glm-5.2 j2 m02-event/art_1] fabrication: 0件 ¥0.79454000 (3.4s)
  [glm-5.2 j2 m02-event/art_2] fabrication: 0件 ¥1.04334000 (5.7s)
  [glm-5.2 j2 m03-scout/art_1] fabrication: 1件 ¥1.12279000 (14.8s)
  [glm-5.2 j2 m03-scout/art_2] fabrication: 0件 ¥0.42746000 (4.6s)
  [glm-5.2 j2 m04-ec/art_1] fabrication: 0件 ¥0.93481000 (9.2s)
  [glm-5.2 j2 m04-ec/art_2] fabrication: 1件 ¥0.72491000 (7.8s)
  [glm-5.2 j2 m05-portfolio/art_1] fabrication: 0件 ¥0.55777000 (6.9s)
  [glm-5.2 j2 m05-portfolio/art_2] fabrication: 1件 ¥0.19724000 (5.1s)
  [glm-5.2 j2 m06-news/art_1] fabrication: 0件 ¥0.43074000 (6.8s)
  [glm-5.2 j2 m06-news/art_2] fabrication: 1件 ¥0.56484000 (5.7s)
  [glm-5.2 j2 m07-recruit/art_1] fabrication: 7件 ¥2.32416000 (17.0s)
  [glm-5.2 j2 m07-recruit/art_2] fabrication: 0件 ¥0.40082000 (4.0s)
  [glm-5.2 j2 m08-apology/art_1] fabrication: 0件 ¥0.43890000 (4.4s)
  [glm-5.2 j2 m08-apology/art_2] fabrication: 0件 ¥0.42352000 (6.8s)
  [glm-5.2 j2 m09-spec/art_1] fabrication: 0件 ¥0.51360000 (3.4s)
  [glm-5.2 j2 m09-spec/art_2] fabrication: 7件 ¥2.05525000 (15.6s)
  [glm-5.2 j2 m10-invite/art_1] fabrication: 0件 ¥0.89599000 (5.8s)
  [glm-5.2 j2 m10-invite/art_2] fabrication: 0件 ¥1.07925000 (7.5s)
  [glm-5.2 j2 m11-brand/art_1] fabrication: 0件 ¥0.80323000 (3.8s)
  [glm-5.2 j2 m11-brand/art_2] fabrication: 0件 ¥0.88261000 (5.4s)
  [glm-5.2 j2 m12-faq/art_1] fabrication: 0件 ¥1.06491000 (8.1s)
  [glm-5.2 j2 m12-faq/art_2] fabrication: 0件 ¥1.32384000 (8.8s)
glm-5.2 judge2 fabrication 完了 → glm-5.2_judge2_v4.json
