  [glm-5.2 j2 m01-lp/art_1] rework: 1件 ¥0.94721000 (6.8s)
  [glm-5.2 j2 m01-lp/art_2] rework: 1件 ¥3.63222000 (40.5s)
  [glm-5.2 j2 m02-event/art_1] rework: 3件 ¥1.84247000 (28.2s)
  [glm-5.2 j2 m02-event/art_2] rework: 0件 ¥0.67274000 (7.3s)
  [glm-5.2 j2 m03-scout/art_1] rework: 2件 ¥1.18864000 (13.8s)
  [glm-5.2 j2 m03-scout/art_2] rework: 4件 ¥1.49926000 (14.7s)
  [glm-5.2 j2 m04-ec/art_1] rework: 2件 ¥1.75459000 (27.3s)
  [glm-5.2 j2 m04-ec/art_2] rework: 3件 ¥1.38828000 (16.7s)
  [glm-5.2 j2 m05-portfolio/art_1] rework: 4件 ¥1.47258000 (17.1s)
  [glm-5.2 j2 m05-portfolio/art_2] rework: 2件 ¥1.31396000 (13.3s)
  [glm-5.2 j2 m06-news/art_1] rework: 5件 ¥1.00542000 (10.3s)
  [glm-5.2 j2 m06-news/art_2] rework: 2件 ¥0.70922000 (6.0s)
  [glm-5.2 j2 m07-recruit/art_1] rework: 3件 ¥1.13044000 (9.6s)
  [glm-5.2 j2 m07-recruit/art_2] rework: 2件 ¥1.92617000 (18.2s)
  [glm-5.2 j2 m08-apology/art_1] rework: 3件 ¥1.49192000 (14.5s)
  [glm-5.2 j2 m08-apology/art_2] rework: 3件 ¥1.17648000 (10.6s)
  [glm-5.2 j2 m09-spec/art_1] rework: 4件 ¥1.50754000 (10.9s)
  [glm-5.2 j2 m09-spec/art_2] rework: 5件 ¥1.73944000 (13.5s)
  [glm-5.2 j2 m10-invite/art_1] rework: 3件 ¥1.34416000 (9.7s)
  [glm-5.2 j2 m10-invite/art_2] rework: 4件 ¥0.82412000 (7.6s)
  [glm-5.2 j2 m11-brand/art_1] rework: 5件 ¥0.80452000 (5.0s)
  [glm-5.2 j2 m11-brand/art_2] rework: 6件 ¥1.50270000 (11.9s)
  [glm-5.2 j2 m12-faq/art_1] rework: 2件 ¥1.27545000 (9.2s)
  [glm-5.2 j2 m12-faq/art_2] rework: 4件 ¥1.15868000 (7.4s)
glm-5.2 judge2 rework 完了 → glm-5.2_judge2_v4.json
