  [glm-5.2 j1 m01-lp/art_1] fabrication: 0件 ¥0.96086000 (4.6s)
  [glm-5.2 j1 m01-lp/art_2] fabrication: 0件 ¥0.83527000 (5.0s)
  [glm-5.2 j1 m02-event/art_1] fabrication: 0件 ¥0.56509000 (0.5s)
  [glm-5.2 j1 m02-event/art_2] fabrication: 0件 ¥0.64294000 (1.3s)
  [glm-5.2 j1 m03-scout/art_1] fabrication: 1件 ¥0.63854000 (3.6s)
  [glm-5.2 j1 m03-scout/art_2] fabrication: 1件 ¥1.18203000 (6.6s)
  [glm-5.2 j1 m04-ec/art_1] fabrication: 0件 ¥0.77630000 (2.9s)
  [glm-5.2 j1 m04-ec/art_2] fabrication: 0件 ¥0.88935000 (5.5s)
  [glm-5.2 j1 m05-portfolio/art_1] fabrication: 0件 ¥0.73158000 (2.7s)
  [glm-5.2 j1 m05-portfolio/art_2] fabrication: 0件 ¥0.91202000 (3.8s)
  [glm-5.2 j1 m06-news/art_1] fabrication: 0件 ¥0.39522000 (0.7s)
  [glm-5.2 j1 m06-news/art_2] fabrication: 0件 ¥1.60897000 (11.7s)
  [glm-5.2 j1 m07-recruit/art_1] fabrication: 4件 ¥1.20226000 (5.0s)
  [glm-5.2 j1 m07-recruit/art_2] fabrication: 0件 ¥2.01975000 (13.9s)
  [glm-5.2 j1 m08-apology/art_1] fabrication: 0件 ¥0.69971000 (3.0s)
  [glm-5.2 j1 m08-apology/art_2] fabrication: 0件 ¥0.58423000 (3.8s)
  [glm-5.2 j1 m09-spec/art_1] fabrication: 0件 ¥1.06870000 (8.2s)
  [glm-5.2 j1 m09-spec/art_2] fabrication: 5件 ¥1.26875000 (6.5s)
  [glm-5.2 j1 m10-invite/art_1] fabrication: 0件 ¥0.63339000 (1.7s)
  [glm-5.2 j1 m10-invite/art_2] fabrication: 0件 ¥0.93690000 (6.9s)
  [glm-5.2 j1 m11-brand/art_1] fabrication: 0件 ¥0.91113000 (4.8s)
  [glm-5.2 j1 m11-brand/art_2] fabrication: 0件 ¥0.87221000 (2.7s)
  [glm-5.2 j1 m12-faq/art_1] fabrication: 2件 ¥1.23131000 (11.3s)
  [glm-5.2 j1 m12-faq/art_2] fabrication: 0件 ¥0.78044000 (2.7s)
glm-5.2 judge1 fabrication 完了 → glm-5.2_judge1_fabrication_v4.json
