  [glm-5.2 j3 m01-lp/art_1] fabrication: 0件 ¥0.93876000 (6.8s)
  [glm-5.2 j3 m01-lp/art_2] fabrication: 0件 ¥1.46642000 (14.6s)
  [glm-5.2 j3 m02-event/art_1] fabrication: 0件 ¥0.90616000 (12.3s)
  [glm-5.2 j3 m02-event/art_2] fabrication: 0件 ¥0.41976000 (3.9s)
  [glm-5.2 j3 m03-scout/art_1] fabrication: 2件 ¥0.95751000 (10.2s)
  [glm-5.2 j3 m03-scout/art_2] fabrication: 1件 ¥1.02026000 (10.5s)
  [glm-5.2 j3 m04-ec/art_1] fabrication: 0件 ¥0.48631000 (7.7s)
  [glm-5.2 j3 m04-ec/art_2] fabrication: 1件 ¥0.87705000 (12.6s)
  [glm-5.2 j3 m05-portfolio/art_1] fabrication: 0件 ¥0.58297000 (5.6s)
  [glm-5.2 j3 m05-portfolio/art_2] fabrication: 0件 ¥0.62689000 (6.9s)
  [glm-5.2 j3 m06-news/art_1] fabrication: 0件 ¥0.35718000 (3.1s)
  [glm-5.2 j3 m06-news/art_2] fabrication: 0件 ¥0.61463000 (8.7s)
  [glm-5.2 j3 m07-recruit/art_1] fabrication: 4件 ¥1.83565000 (24.4s)
  [glm-5.2 j3 m07-recruit/art_2] fabrication: 0件 ¥0.88340000 (9.7s)
  [glm-5.2 j3 m08-apology/art_1] fabrication: 0件 ¥0.51309000 (4.4s)
  [glm-5.2 j3 m08-apology/art_2] fabrication: 0件 ¥0.38867000 (3.8s)
  [glm-5.2 j3 m09-spec/art_1] fabrication: 1件 ¥2.60295000 (31.9s)
  [glm-5.2 j3 m09-spec/art_2] fabrication: 1件 ¥2.27445000 (23.1s)
  [glm-5.2 j3 m10-invite/art_1] fabrication: 0件 ¥0.21246000 (2.5s)
  [glm-5.2 j3 m10-invite/art_2] fabrication: 0件 ¥0.56345000 (4.9s)
  [glm-5.2 j3 m11-brand/art_1] fabrication: 0件 ¥0.35437000 (2.7s)
  [glm-5.2 j3 m11-brand/art_2] fabrication: 0件 ¥0.53769000 (4.3s)
  [glm-5.2 j3 m12-faq/art_1] fabrication: 2件 ¥1.40584000 (14.1s)
  [glm-5.2 j3 m12-faq/art_2] fabrication: 0件 ¥0.61761000 (13.7s)
glm-5.2 judge3 fabrication 完了 → glm-5.2_judge3_v4.json
