  [glm-5.2 j1 m01-lp/art_1] fabrication: 0件 ¥0.94981000 (5.3s)
  [glm-5.2 j1 m01-lp/art_2] fabrication: 0件 ¥0.87102000 (3.4s)
  [glm-5.2 j1 m02-event/art_1] fabrication: 0件 ¥0.86864000 (3.8s)
  [glm-5.2 j1 m02-event/art_2] fabrication: 0件 ¥1.21754000 (7.0s)
  [glm-5.2 j1 m03-scout/art_1] fabrication: 0件 ¥0.90309000 (6.1s)
  [glm-5.2 j1 m03-scout/art_2] fabrication: 0件 ¥0.93503000 (5.9s)
  [glm-5.2 j1 m04-ec/art_1] fabrication: 0件 ¥0.78995000 (4.0s)
  [glm-5.2 j1 m04-ec/art_2] fabrication: 0件 ¥0.57150000 (2.3s)
  [glm-5.2 j1 m05-portfolio/art_1] fabrication: 0件 ¥0.75303000 (2.9s)
  [glm-5.2 j1 m05-portfolio/art_2] fabrication: 0件 ¥0.59482000 (0.7s)
  [glm-5.2 j1 m06-news/art_1] fabrication: 0件 ¥0.54147000 (2.4s)
  [glm-5.2 j1 m06-news/art_2] fabrication: 0件 ¥1.27357000 (22.1s)
  [glm-5.2 j1 m07-recruit/art_1] fabrication: 1件 ¥1.66701000 (15.7s)
  [glm-5.2 j1 m07-recruit/art_2] fabrication: 0件 ¥0.72690000 (3.9s)
  [glm-5.2 j1 m08-apology/art_1] fabrication: 0件 ¥0.82451000 (5.2s)
  [glm-5.2 j1 m08-apology/art_2] fabrication: 0件 ¥0.50103000 (1.0s)
  [glm-5.2 j1 m09-spec/art_1] fabrication: 0件 ¥1.75640000 (13.8s)
  [glm-5.2 j1 m09-spec/art_2] fabrication: 0件 ¥1.59700000 (13.6s)
  [glm-5.2 j1 m10-invite/art_1] fabrication: 0件 ¥0.63859000 (7.8s)
  [glm-5.2 j1 m10-invite/art_2] fabrication: 0件 ¥0.67235000 (2.7s)
  [glm-5.2 j1 m11-brand/art_1] fabrication: 0件 ¥0.75058000 (2.7s)
  [glm-5.2 j1 m11-brand/art_2] fabrication: 0件 ¥0.88391000 (7.2s)
  [glm-5.2 j1 m12-faq/art_1] fabrication: 0件 ¥1.17736000 (8.7s)
  [glm-5.2 j1 m12-faq/art_2] fabrication: 0件 ¥0.55294000 (4.1s)
glm-5.2 judge1 fabrication 完了 → glm-5.2_judge1_v4.json
