  [glm-5.2 j1 m02-event/art_2] rework: 0件 ¥1.29674000 (15.7s)
  [glm-5.2 j1 m03-scout/art_1] rework: 2件 ¥1.58486000 (13.7s)
  [glm-5.2 j1 m03-scout/art_2] rework: 4件 ¥0.58536000 (5.4s)
  [glm-5.2 j1 m04-ec/art_1] rework: 3件 ¥1.04544000 (11.0s)
  [glm-5.2 j1 m04-ec/art_2] rework: 5件 ¥1.46039000 (23.8s)
  [glm-5.2 j1 m05-portfolio/art_1] rework: 4件 ¥1.72826000 (17.6s)
  [glm-5.2 j1 m05-portfolio/art_2] rework: 3件 ¥1.61165000 (13.5s)
  [glm-5.2 j1 m06-news/art_1] rework: 3件 ¥0.69472000 (7.1s)
  [glm-5.2 j1 m06-news/art_2] rework: 2件 ¥1.06863000 (8.9s)
  [glm-5.2 j1 m07-recruit/art_1] rework: 3件 ¥1.48177000 (16.7s)
  [glm-5.2 j1 m07-recruit/art_2] rework: 3件 ¥1.69152000 (23.5s)
  [glm-5.2 j1 m08-apology/art_1] rework: 4件 ¥1.35217000 (14.8s)
  [glm-5.2 j1 m08-apology/art_2] rework: 6件 ¥0.96588000 (10.0s)
  [glm-5.2 j1 m09-spec/art_1] rework: 4件 ¥0.96449000 (9.3s)
  [glm-5.2 j1 m09-spec/art_2] rework: 7件 ¥1.65169000 (13.2s)
  [glm-5.2 j1 m10-invite/art_1] rework: 3件 ¥1.04267000 (9.9s)
  [glm-5.2 j1 m10-invite/art_2] rework: 3件 ¥0.70398000 (6.3s)
  [glm-5.2 j1 m11-brand/art_1] rework: 5件 ¥1.48507000 (12.2s)
  [glm-5.2 j1 m11-brand/art_2] rework: 4件 ¥1.38960000 (9.9s)
  [glm-5.2 j1 m12-faq/art_1] rework: 3件 ¥1.47045000 (9.8s)
  [glm-5.2 j1 m12-faq/art_2] rework: 2件 ¥1.48628000 (10.8s)
glm-5.2 judge1 rework 完了 → glm-5.2_judge1_v4.json
