  [glm-5.2 j2 m01-lp/art_1] fabrication: 0件 ¥0.78731000 (4.7s)
  [glm-5.2 j2 m01-lp/art_2] fabrication: 0件 ¥0.73127000 (4.0s)
  [glm-5.2 j2 m02-event/art_1] fabrication: 0件 ¥1.45689000 (9.8s)
  [glm-5.2 j2 m02-event/art_2] fabrication: 0件 ¥0.26506000 (1.9s)
  [glm-5.2 j2 m03-scout/art_1] fabrication: 1件 ¥1.00319000 (7.9s)
  [glm-5.2 j2 m03-scout/art_2] fabrication: 0件 ¥0.75628000 (3.4s)
  [glm-5.2 j2 m04-ec/art_1] fabrication: 0件 ¥0.84195000 (3.2s)
  [glm-5.2 j2 m04-ec/art_2] fabrication: 1件 ¥0.90625000 (7.7s)
  [glm-5.2 j2 m05-portfolio/art_1] fabrication: 0件 ¥0.69843000 (3.7s)
  [glm-5.2 j2 m05-portfolio/art_2] fabrication: 0件 ¥1.40342000 (8.9s)
  [glm-5.2 j2 m06-news/art_1] fabrication: 0件 ¥1.06927000 (7.6s)
  [glm-5.2 j2 m06-news/art_2] fabrication: 1件 ¥0.89787000 (5.4s)
  [glm-5.2 j2 m07-recruit/art_1] fabrication: 4件 ¥2.23381000 (17.1s)
  [glm-5.2 j2 m07-recruit/art_2] fabrication: 0件 ¥0.41317000 (4.4s)
  [glm-5.2 j2 m08-apology/art_1] fabrication: 0件 ¥0.54485000 (4.5s)
  [glm-5.2 j2 m08-apology/art_2] fabrication: 0件 ¥0.45082000 (3.7s)
  [glm-5.2 j2 m09-spec/art_1] fabrication: 1件 ¥1.60657000 (14.6s)
  [glm-5.2 j2 m09-spec/art_2] fabrication: 7件 ¥2.26975000 (17.6s)
  [glm-5.2 j2 m10-invite/art_1] fabrication: 0件 ¥1.02756000 (8.6s)
  [glm-5.2 j2 m10-invite/art_2] fabrication: 0件 ¥0.73873000 (7.6s)
  [glm-5.2 j2 m11-brand/art_1] fabrication: 0件 ¥0.70092000 (5.8s)
  [glm-5.2 j2 m11-brand/art_2] fabrication: 0件 ¥0.93312000 (7.1s)
  [glm-5.2 j2 m12-faq/art_1] fabrication: 2件 ¥1.20293000 (10.9s)
  [glm-5.2 j2 m12-faq/art_2] fabrication: 2件 ¥1.00378000 (10.9s)
glm-5.2 judge2 fabrication 完了 → glm-5.2_judge2_fabrication_v4.json
