  [glm-5.2 j3 m01-lp/art_1] rework: 1件 ¥1.22541000 (12.6s)
  [glm-5.2 j3 m01-lp/art_2] rework: 1件 ¥1.77842000 (22.5s)
  [glm-5.2 j3 m02-event/art_1] rework: 3件 ¥1.33482000 (11.0s)
  [glm-5.2 j3 m02-event/art_2] rework: 2件 ¥1.43997000 (12.4s)
  [glm-5.2 j3 m03-scout/art_1] rework: 1件 ¥1.09736000 (16.0s)
  [glm-5.2 j3 m03-scout/art_2] rework: 2件 ¥1.02075000 (8.9s)
  [glm-5.2 j3 m04-ec/art_1] rework: 3件 ¥1.67949000 (14.7s)
  [glm-5.2 j3 m04-ec/art_2] rework: 4件 ¥1.35834000 (18.4s)
  [glm-5.2 j3 m05-portfolio/art_1] rework: 3件 ¥1.58071000 (14.1s)
  [glm-5.2 j3 m05-portfolio/art_2] rework: 4件 ¥1.40690000 (12.2s)
  [glm-5.2 j3 m06-news/art_1] rework: 4件 ¥1.36483000 (17.4s)
  [glm-5.2 j3 m06-news/art_2] rework: 2件 ¥1.38583000 (12.2s)
  [glm-5.2 j3 m07-recruit/art_1] rework: 3件 ¥1.78987000 (13.5s)
  [glm-5.2 j3 m07-recruit/art_2] rework: 3件 ¥1.79746000 (14.4s)
  [glm-5.2 j3 m08-apology/art_1] rework: 3件 ¥1.33516000 (11.0s)
  [glm-5.2 j3 m08-apology/art_2] rework: 4件 ¥1.50503000 (12.1s)
  [glm-5.2 j3 m09-spec/art_1] rework: 4件 ¥0.93814000 (11.6s)
  [glm-5.2 j3 m09-spec/art_2] rework: 3件 ¥1.53534000 (14.8s)
  [glm-5.2 j3 m10-invite/art_1] rework: 3件 ¥1.24926000 (10.4s)
  [glm-5.2 j3 m10-invite/art_2] rework: 4件 ¥1.27652000 (8.4s)
  [glm-5.2 j3 m11-brand/art_1] rework: 4件 ¥1.47402000 (11.0s)
  [glm-5.2 j3 m11-brand/art_2] rework: 5件 ¥1.41625000 (10.9s)
  [glm-5.2 j3 m12-faq/art_1] rework: 2件 ¥1.07460000 (8.5s)
  [glm-5.2 j3 m12-faq/art_2] rework: 5件 ¥1.66243000 (12.4s)
glm-5.2 judge3 rework 完了 → glm-5.2_judge3_v4.json
