  [kimi-k3 j1 m01-lp/art_1] fabrication: 0件 ¥1.94016000 (6.1s)
  [kimi-k3 j1 m01-lp/art_2] fabrication: 0件 ¥2.51008000 (9.5s)
  [kimi-k3 j1 m02-event/art_1] fabrication: 0件 ¥0.52360000 (3.3s)
  [kimi-k3 j1 m02-event/art_2] fabrication: 0件 ¥0.57496000 (2.9s)
  [kimi-k3 j1 m03-scout/art_1] fabrication: 1件 ¥0.89368000 (9.2s)
  [kimi-k3 j1 m03-scout/art_2] fabrication: 1件 ¥1.27440000 (13.4s)
  [kimi-k3 j1 m04-ec/art_1] fabrication: 0件 ¥0.63712000 (4.3s)
  [kimi-k3 j1 m04-ec/art_2] fabrication: 0件 ¥0.38592000 (1.7s)
  [kimi-k3 j1 m05-portfolio/art_1] fabrication: 0件 ¥0.55624000 (4.6s)
  [kimi-k3 j1 m05-portfolio/art_2] fabrication: 0件 ¥0.47416000 (2.1s)
  [kimi-k3 j1 m06-news/art_1] fabrication: 0件 ¥0.78304000 (7.1s)
  [kimi-k3 j1 m06-news/art_2] fabrication: 0件 ¥0.94432000 (7.9s)
  [kimi-k3 j1 m07-recruit/art_1] fabrication: 3件 ¥2.13920000 (19.7s)
  [kimi-k3 j1 m07-recruit/art_2] fabrication: 1件 ¥1.03336000 (10.4s)
  [kimi-k3 j1 m08-apology/art_1] fabrication: 0件 ¥0.48680000 (2.4s)
  [kimi-k3 j1 m08-apology/art_2] fabrication: 0件 ¥0.62032000 (5.4s)
  [kimi-k3 j1 m09-spec/art_1] fabrication: 0件 ¥0.76144000 (5.7s)
  [kimi-k3 j1 m09-spec/art_2] fabrication: 1件 ¥2.01712000 (16.9s)
  [kimi-k3 j1 m10-invite/art_1] fabrication: 0件 ¥0.48464000 (1.9s)
  [kimi-k3 j1 m10-invite/art_2] fabrication: 0件 ¥0.50696000 (6.7s)
  [kimi-k3 j1 m11-brand/art_1] fabrication: 0件 ¥0.50904000 (3.4s)
  [kimi-k3 j1 m11-brand/art_2] fabrication: 0件 ¥0.57648000 (4.1s)
  [kimi-k3 j1 m12-faq/art_1] fabrication: 1件 ¥1.26096000 (7.8s)
  [kimi-k3 j1 m12-faq/art_2] fabrication: 0件 ¥0.58664000 (3.1s)
kimi-k3 judge1 fabrication 完了 → kimi-k3_judge1_fabrication_v4.json
