  [kimi-k3 j2 m01-lp/art_1] rework: 1件 ¥2.30008000 (17.3s)
  [kimi-k3 j2 m01-lp/art_2] rework: 5件 ¥6.89200000 (73.8s)
  [kimi-k3 j2 m02-event/art_1] rework: 3件 ¥3.05048000 (34.8s)
  [kimi-k3 j2 m02-event/art_2] rework: 3件 ¥3.77784000 (47.7s)
  [kimi-k3 j2 m03-scout/art_1] rework: 4件 ¥2.59656000 (46.8s)
  [kimi-k3 j2 m03-scout/art_2] rework: 3件 ¥2.17728000 (19.7s)
  [kimi-k3 j2 m04-ec/art_1] rework: 6件 ¥2.86688000 (27.0s)
  [kimi-k3 j2 m04-ec/art_2] rework: 5件 ¥1.51168000 (13.6s)
  [kimi-k3 j2 m05-portfolio/art_1] rework: 7件 ¥6.77392000 (80.0s)
  [kimi-k3 j2 m05-portfolio/art_2] rework: 5件 ¥6.04504000 (64.7s)
  [kimi-k3 j2 m06-news/art_1] rework: 5件 ¥4.25424000 (37.1s)
  [kimi-k3 j2 m06-news/art_2] rework: 3件 ¥2.53432000 (26.9s)
  [kimi-k3 j2 m07-recruit/art_1] rework: 8件 ¥3.58576000 (34.7s)
  [kimi-k3 j2 m07-recruit/art_2] rework: 4件 ¥3.04672000 (26.8s)
  [kimi-k3 j2 m08-apology/art_1] rework: 4件 ¥3.72488000 (39.4s)
  [kimi-k3 j2 m08-apology/art_2] rework: 5件 ¥5.31040000 (50.4s)
  [kimi-k3 j2 m09-spec/art_1] rework: 5件 ¥3.21920000 (30.1s)
  [kimi-k3 j2 m09-spec/art_2] rework: 5件 ¥3.12088000 (28.6s)
  [kimi-k3 j2 m10-invite/art_1] rework: 4件 ¥2.56000000 (28.0s)
  [kimi-k3 j2 m10-invite/art_2] rework: 5件 ¥2.95632000 (21.9s)
  [kimi-k3 j2 m11-brand/art_1] rework: 6件 ¥2.75280000 (19.4s)
  [kimi-k3 j2 m11-brand/art_2] rework: 6件 ¥2.77424000 (21.5s)
  [kimi-k3 j2 m12-faq/art_1] rework: 7件 ¥3.42216000 (23.8s)
  [kimi-k3 j2 m12-faq/art_2] rework: 4件 ¥2.67784000 (18.4s)
kimi-k3 judge2 rework 完了 → kimi-k3_judge2_v4.json
