  [kimi-k3 j3 m01-lp/art_1] rework: 2件 ¥4.34608000 (45.7s)
  [kimi-k3 j3 m01-lp/art_2] rework: 5件 ¥4.41800000 (53.1s)
  [kimi-k3 j3 m02-event/art_1] rework: 3件 ¥6.68848000 (96.8s)
  [kimi-k3 j3 m02-event/art_2] rework: 2件 ¥2.83184000 (34.9s)
  [kimi-k3 j3 m03-scout/art_1] rework: 3件 ¥2.96856000 (28.4s)
  [kimi-k3 j3 m03-scout/art_2] rework: 4件 ¥4.38528000 (46.9s)
  [kimi-k3 j3 m04-ec/art_1] rework: 5件 ¥3.18288000 (35.7s)
  [kimi-k3 j3 m04-ec/art_2] rework: 5件 ¥2.08768000 (28.0s)
  [kimi-k3 j3 m05-portfolio/art_1] rework: 4件 ¥4.31392000 (46.8s)
  [kimi-k3 j3 m05-portfolio/art_2] rework: 5件 ¥3.77304000 (33.9s)
  [kimi-k3 j3 m06-news/art_1] rework: 5件 ¥1.98424000 (18.4s)
  [kimi-k3 j3 m06-news/art_2] rework: 3件 ¥2.96152000 (29.9s)
  [kimi-k3 j3 m07-recruit/art_1] rework: 5件 ¥3.08376000 (25.7s)
  [kimi-k3 j3 m07-recruit/art_2] rework: 4件 ¥3.54192000 (33.3s)
  [kimi-k3 j3 m08-apology/art_1] rework: 6件 ¥3.20208000 (26.9s)
  [kimi-k3 j3 m08-apology/art_2] rework: 6件 ¥3.58440000 (36.0s)
  [kimi-k3 j3 m09-spec/art_1] rework: 4件 ¥2.83520000 (26.6s)
  [kimi-k3 j3 m09-spec/art_2] rework: 8件 ¥5.63488000 (53.1s)
  [kimi-k3 j3 m10-invite/art_1] rework: 2件 ¥1.73600000 (18.0s)
  [kimi-k3 j3 m10-invite/art_2] rework: 3件 ¥1.51432000 (14.6s)
  [kimi-k3 j3 m11-brand/art_1] rework: 6件 ¥2.80880000 (19.4s)
  [kimi-k3 j3 m11-brand/art_2] rework: 6件 ¥3.64024000 (27.3s)
  [kimi-k3 j3 m12-faq/art_1] rework: 5件 ¥2.99216000 (20.9s)
  [kimi-k3 j3 m12-faq/art_2] rework: 5件 ¥2.19784000 (16.5s)
kimi-k3 judge3 rework 完了 → kimi-k3_judge3_v4.json
