  [kimi-k3 j2 m01-lp/art_1] fabrication: 0件 ¥2.03216000 (8.2s)
  [kimi-k3 j2 m01-lp/art_2] fabrication: 3件 ¥3.34608000 (17.4s)
  [kimi-k3 j2 m02-event/art_1] fabrication: 0件 ¥0.52160000 (4.9s)
  [kimi-k3 j2 m02-event/art_2] fabrication: 0件 ¥0.99096000 (8.6s)
  [kimi-k3 j2 m03-scout/art_1] fabrication: 1件 ¥0.86768000 (8.5s)
  [kimi-k3 j2 m03-scout/art_2] fabrication: 1件 ¥0.99640000 (7.5s)
  [kimi-k3 j2 m04-ec/art_1] fabrication: 0件 ¥0.49112000 (5.2s)
  [kimi-k3 j2 m04-ec/art_2] fabrication: 0件 ¥0.48992000 (3.9s)
  [kimi-k3 j2 m05-portfolio/art_1] fabrication: 0件 ¥0.42624000 (1.5s)
  [kimi-k3 j2 m05-portfolio/art_2] fabrication: 0件 ¥0.61216000 (4.5s)
  [kimi-k3 j2 m06-news/art_1] fabrication: 0件 ¥0.48104000 (4.3s)
  [kimi-k3 j2 m06-news/art_2] fabrication: 2件 ¥1.44232000 (14.0s)
  [kimi-k3 j2 m07-recruit/art_1] fabrication: 3件 ¥2.96240000 (30.1s)
  [kimi-k3 j2 m07-recruit/art_2] fabrication: 2件 ¥1.42936000 (13.8s)
  [kimi-k3 j2 m08-apology/art_1] fabrication: 0件 ¥0.48080000 (2.4s)
  [kimi-k3 j2 m08-apology/art_2] fabrication: 0件 ¥0.67432000 (4.1s)
  [kimi-k3 j2 m09-spec/art_1] fabrication: 0件 ¥0.79144000 (6.4s)
  [m09-spec/art_2] JSON不読 (期待した形のJSONオブジェクトを抽出できない) — スキップ(再実行可)
  [kimi-k3 j2 m10-invite/art_1] fabrication: 0件 ¥0.49864000 (3.3s)
  [kimi-k3 j2 m10-invite/art_2] fabrication: 0件 ¥0.49496000 (4.9s)
  [kimi-k3 j2 m11-brand/art_1] fabrication: 0件 ¥0.47104000 (4.7s)
  [kimi-k3 j2 m11-brand/art_2] fabrication: 0件 ¥0.60448000 (5.8s)
  [kimi-k3 j2 m12-faq/art_1] fabrication: 0件 ¥0.54296000 (4.4s)
  [kimi-k3 j2 m12-faq/art_2] fabrication: 0件 ¥0.59264000 (5.6s)
kimi-k3 judge2 fabrication 完了 → kimi-k3_judge2_v4.json
