  [kimi-k3 j1 m01-lp/art_1] fabrication: 0件 ¥1.92216000 (5.5s)
  [kimi-k3 j1 m01-lp/art_2] fabrication: 3件 ¥3.25008000 (17.4s)
  [kimi-k3 j1 m02-event/art_1] fabrication: 0件 ¥0.62560000 (2.8s)
  [kimi-k3 j1 m02-event/art_2] fabrication: 0件 ¥1.06696000 (11.0s)
  [kimi-k3 j1 m03-scout/art_1] fabrication: 1件 ¥0.86568000 (7.8s)
  [kimi-k3 j1 m03-scout/art_2] fabrication: 1件 ¥1.43440000 (13.7s)
  [kimi-k3 j1 m04-ec/art_1] fabrication: 0件 ¥0.64712000 (5.2s)
  [kimi-k3 j1 m04-ec/art_2] fabrication: 0件 ¥0.42192000 (4.8s)
  [kimi-k3 j1 m05-portfolio/art_1] fabrication: 0件 ¥0.60224000 (3.9s)
  [kimi-k3 j1 m05-portfolio/art_2] fabrication: 0件 ¥0.62616000 (4.3s)
  [kimi-k3 j1 m06-news/art_1] fabrication: 2件 ¥2.23504000 (24.4s)
  [kimi-k3 j1 m06-news/art_2] fabrication: 1件 ¥1.40832000 (12.8s)
  [kimi-k3 j1 m07-recruit/art_1] fabrication: 5件 ¥2.50640000 (25.4s)
  [kimi-k3 j1 m07-recruit/art_2] fabrication: 1件 ¥1.14336000 (11.6s)
  [kimi-k3 j1 m08-apology/art_1] fabrication: 0件 ¥0.46480000 (2.7s)
  [kimi-k3 j1 m08-apology/art_2] fabrication: 0件 ¥0.52432000 (2.1s)
  [kimi-k3 j1 m09-spec/art_1] fabrication: 0件 ¥0.65544000 (3.7s)
  [kimi-k3 j1 m09-spec/art_2] fabrication: 0件 ¥1.13712000 (9.6s)
  [kimi-k3 j1 m10-invite/art_1] fabrication: 0件 ¥0.49064000 (4.7s)
  [kimi-k3 j1 m10-invite/art_2] fabrication: 0件 ¥0.49096000 (7.7s)
  [kimi-k3 j1 m11-brand/art_1] fabrication: 0件 ¥0.53904000 (3.3s)
  [kimi-k3 j1 m11-brand/art_2] fabrication: 0件 ¥0.79248000 (11.4s)
  [kimi-k3 j1 m12-faq/art_1] fabrication: 0件 ¥0.58096000 (4.4s)
  [kimi-k3 j1 m12-faq/art_2] fabrication: 0件 ¥0.93264000 (11.6s)
kimi-k3 judge1 fabrication 完了 → kimi-k3_judge1_v4.json
