  [kimi-k3 j3 m01-lp/art_1] fabrication: 0件 ¥1.89416000 (4.9s)
  [kimi-k3 j3 m01-lp/art_2] fabrication: 0件 ¥2.24208000 (6.3s)
  [kimi-k3 j3 m02-event/art_1] fabrication: 0件 ¥1.82480000 (1.8s)
  [kimi-k3 j3 m02-event/art_2] fabrication: 0件 ¥2.89936000 (15.8s)
  [kimi-k3 j3 m03-scout/art_1] fabrication: 1件 ¥1.86688000 (6.1s)
  [kimi-k3 j3 m03-scout/art_2] fabrication: 1件 ¥1.83480000 (5.6s)
  [kimi-k3 j3 m04-ec/art_1] fabrication: 0件 ¥1.67792000 (2.3s)
  [kimi-k3 j3 m04-ec/art_2] fabrication: 1件 ¥2.00072000 (8.7s)
  [kimi-k3 j3 m05-portfolio/art_1] fabrication: 0件 ¥1.75344000 (2.1s)
  [kimi-k3 j3 m05-portfolio/art_2] fabrication: 0件 ¥1.89176000 (4.6s)
  [kimi-k3 j3 m06-news/art_1] fabrication: 0件 ¥2.49864000 (20.2s)
  [kimi-k3 j3 m06-news/art_2] fabrication: 1件 ¥1.03632000 (7.2s)
  [kimi-k3 j3 m07-recruit/art_1] fabrication: 3件 ¥2.07240000 (19.1s)
  [kimi-k3 j3 m07-recruit/art_2] fabrication: 0件 ¥0.56336000 (2.9s)
  [kimi-k3 j3 m08-apology/art_1] fabrication: 0件 ¥0.64680000 (3.6s)
  [kimi-k3 j3 m08-apology/art_2] fabrication: 0件 ¥0.53432000 (2.1s)
  [kimi-k3 j3 m09-spec/art_1] fabrication: 0件 ¥0.73744000 (5.2s)
  [kimi-k3 j3 m09-spec/art_2] fabrication: 3件 ¥6.24312000 (72.5s)
  [kimi-k3 j3 m10-invite/art_1] fabrication: 0件 ¥0.47264000 (2.7s)
  [kimi-k3 j3 m10-invite/art_2] fabrication: 0件 ¥0.53496000 (6.3s)
  [kimi-k3 j3 m11-brand/art_1] fabrication: 0件 ¥0.57504000 (5.6s)
  [kimi-k3 j3 m11-brand/art_2] fabrication: 0件 ¥0.65448000 (4.1s)
  [kimi-k3 j3 m12-faq/art_1] fabrication: 0件 ¥0.59096000 (2.6s)
  [kimi-k3 j3 m12-faq/art_2] fabrication: 0件 ¥0.68864000 (5.4s)
kimi-k3 judge3 fabrication 完了 → kimi-k3_judge3_v4.json
