  [kimi-k3 j2 m01-lp/art_1] fabrication: 0件 ¥1.98216000 (6.7s)
  [kimi-k3 j2 m01-lp/art_2] fabrication: 0件 ¥2.07408000 (3.1s)
  [kimi-k3 j2 m02-event/art_1] fabrication: 0件 ¥2.08880000 (4.2s)
  [kimi-k3 j2 m02-event/art_2] fabrication: 0件 ¥1.87936000 (3.4s)
  [kimi-k3 j2 m03-scout/art_1] fabrication: 1件 ¥2.41088000 (14.0s)
  [kimi-k3 j2 m03-scout/art_2] fabrication: 0件 ¥2.10080000 (8.3s)
  [kimi-k3 j2 m04-ec/art_1] fabrication: 0件 ¥0.44312000 (1.6s)
  [kimi-k3 j2 m04-ec/art_2] fabrication: 0件 ¥1.38072000 (2.0s)
  [kimi-k3 j2 m05-portfolio/art_1] fabrication: 0件 ¥1.85144000 (3.2s)
  [kimi-k3 j2 m05-portfolio/art_2] fabrication: 0件 ¥2.01376000 (5.2s)
  [kimi-k3 j2 m06-news/art_1] fabrication: 0件 ¥1.61264000 (7.8s)
  [kimi-k3 j2 m06-news/art_2] fabrication: 1件 ¥2.15392000 (11.3s)
  [kimi-k3 j2 m07-recruit/art_1] fabrication: 2件 ¥3.41960000 (17.2s)
  [kimi-k3 j2 m07-recruit/art_2] fabrication: 0件 ¥0.90736000 (6.0s)
  [kimi-k3 j2 m08-apology/art_1] fabrication: 0件 ¥0.48280000 (3.5s)
  [kimi-k3 j2 m08-apology/art_2] fabrication: 0件 ¥0.48432000 (3.6s)
  [kimi-k3 j2 m09-spec/art_1] fabrication: 0件 ¥0.67544000 (4.6s)
  [kimi-k3 j2 m09-spec/art_2] fabrication: 0件 ¥2.26312000 (8.8s)
  [kimi-k3 j2 m10-invite/art_1] fabrication: 1件 ¥2.13504000 (8.0s)
  [kimi-k3 j2 m10-invite/art_2] fabrication: 0件 ¥1.64736000 (2.5s)
  [kimi-k3 j2 m11-brand/art_1] fabrication: 0件 ¥1.85624000 (2.1s)
  [kimi-k3 j2 m11-brand/art_2] fabrication: 0件 ¥2.06528000 (2.4s)
  [kimi-k3 j2 m12-faq/art_1] fabrication: 1件 ¥2.70256000 (7.3s)
  [kimi-k3 j2 m12-faq/art_2] fabrication: 0件 ¥1.86584000 (4.5s)
kimi-k3 judge2 fabrication 完了 → kimi-k3_judge2_fabrication_v4.json
