  [kimi-k3 j1 m02-event/art_2] rework: 1件 ¥1.97104000 (24.9s)
  [kimi-k3 j1 m03-scout/art_1] rework: 3件 ¥2.34376000 (28.9s)
  [kimi-k3 j1 m03-scout/art_2] rework: 3件 ¥3.06928000 (42.1s)
  [kimi-k3 j1 m04-ec/art_1] rework: 6件 ¥2.32288000 (27.1s)
  [kimi-k3 j1 m04-ec/art_2] rework: 5件 ¥1.98368000 (22.2s)
  [kimi-k3 j1 m05-portfolio/art_1] rework: 8件 ¥4.84192000 (78.4s)
  [kimi-k3 j1 m05-portfolio/art_2] rework: 5件 ¥4.78504000 (46.7s)
  [kimi-k3 j1 m06-news/art_1] rework: 4件 ¥3.66824000 (40.3s)
  [kimi-k3 j1 m06-news/art_2] rework: 3件 ¥2.71232000 (30.6s)
  [kimi-k3 j1 m07-recruit/art_1] rework: 7件 ¥3.21376000 (40.8s)
  [kimi-k3 j1 m07-recruit/art_2] rework: 5件 ¥3.02472000 (25.2s)
  [kimi-k3 j1 m08-apology/art_1] rework: 7件 ¥3.77288000 (36.4s)
  [kimi-k3 j1 m08-apology/art_2] rework: 6件 ¥3.91840000 (39.2s)
  [kimi-k3 j1 m09-spec/art_1] rework: 6件 ¥3.46320000 (31.3s)
  [kimi-k3 j1 m09-spec/art_2] rework: 7件 ¥3.81688000 (37.2s)
  [kimi-k3 j1 m10-invite/art_1] rework: 4件 ¥3.30200000 (30.5s)
  [kimi-k3 j1 m10-invite/art_2] rework: 4件 ¥2.50432000 (25.7s)
  [kimi-k3 j1 m11-brand/art_1] rework: 6件 ¥3.06480000 (28.4s)
  [kimi-k3 j1 m11-brand/art_2] rework: 5件 ¥3.58624000 (31.6s)
  [kimi-k3 j1 m12-faq/art_1] rework: 6件 ¥3.02416000 (26.5s)
  [kimi-k3 j1 m12-faq/art_2] rework: 4件 ¥2.52584000 (28.3s)
kimi-k3 judge1 rework 完了 → kimi-k3_judge1_v4.json
