  [kimi-k3 j3 m01-lp/art_1] fabrication: 0件 ¥1.89616000 (4.9s)
  [kimi-k3 j3 m01-lp/art_2] fabrication: 3件 ¥1.74928000 (20.3s)
  [kimi-k3 j3 m02-event/art_1] fabrication: 0件 ¥0.52960000 (3.7s)
  [kimi-k3 j3 m02-event/art_2] fabrication: 0件 ¥1.05696000 (8.6s)
  [kimi-k3 j3 m03-scout/art_1] fabrication: 1件 ¥1.02968000 (13.0s)
  [kimi-k3 j3 m03-scout/art_2] fabrication: 1件 ¥1.33440000 (14.0s)
  [kimi-k3 j3 m04-ec/art_1] fabrication: 0件 ¥0.51712000 (4.5s)
  [kimi-k3 j3 m04-ec/art_2] fabrication: 0件 ¥0.42792000 (3.9s)
  [kimi-k3 j3 m05-portfolio/art_1] fabrication: 0件 ¥0.55024000 (3.9s)
  [kimi-k3 j3 m05-portfolio/art_2] fabrication: 0件 ¥0.46216000 (3.1s)
  [kimi-k3 j3 m06-news/art_1] fabrication: 2件 ¥1.68504000 (14.2s)
  [kimi-k3 j3 m06-news/art_2] fabrication: 2件 ¥1.77832000 (21.4s)
  [kimi-k3 j3 m07-recruit/art_1] fabrication: 4件 ¥2.17240000 (17.1s)
  [kimi-k3 j3 m07-recruit/art_2] fabrication: 0件 ¥0.74736000 (4.2s)
  [kimi-k3 j3 m08-apology/art_1] fabrication: 0件 ¥0.44280000 (1.9s)
  [kimi-k3 j3 m08-apology/art_2] fabrication: 0件 ¥0.46832000 (3.8s)
  [kimi-k3 j3 m09-spec/art_1] fabrication: 0件 ¥0.99344000 (6.4s)
  [kimi-k3 j3 m09-spec/art_2] fabrication: 1件 ¥1.82512000 (12.4s)
  [kimi-k3 j3 m10-invite/art_1] fabrication: 0件 ¥0.54464000 (1.7s)
  [kimi-k3 j3 m10-invite/art_2] fabrication: 0件 ¥0.50896000 (1.6s)
  [kimi-k3 j3 m11-brand/art_1] fabrication: 0件 ¥0.51704000 (1.7s)
  [kimi-k3 j3 m11-brand/art_2] fabrication: 0件 ¥0.72048000 (3.6s)
  [kimi-k3 j3 m12-faq/art_1] fabrication: 1件 ¥1.19896000 (6.5s)
  [kimi-k3 j3 m12-faq/art_2] fabrication: 0件 ¥0.60264000 (2.1s)
kimi-k3 judge3 fabrication 完了 → kimi-k3_judge3_fabrication_v4.json
