  [judge1 m01-lp/art_1] fabrication: 0件
  [judge1 m01-lp/art_2] fabrication: 0件
  [judge1 m02-event/art_1] fabrication: 0件
  [judge1 m02-event/art_2] fabrication: 0件
  [judge1 m03-scout/art_1] fabrication: 0件
  [judge1 m03-scout/art_2] fabrication: 0件
  [judge1 m04-ec/art_1] fabrication: 0件
  [judge1 m04-ec/art_2] fabrication: 0件
  [judge1 m05-portfolio/art_1] fabrication: 0件
  [judge1 m05-portfolio/art_2] fabrication: 0件
  [judge1 m06-news/art_1] fabrication: 0件
  [judge1 m06-news/art_2] fabrication: 0件
  [judge1 m07-recruit/art_1] fabrication: 0件
  [judge1 m07-recruit/art_2] fabrication: 0件
  [judge1 m08-apology/art_1] fabrication: 0件
  [judge1 m08-apology/art_2] fabrication: 0件
  [judge1 m09-spec/art_1] fabrication: 4件
  [judge1 m09-spec/art_2] fabrication: 0件
  [judge1 m10-invite/art_1] fabrication: 0件
  [judge1 m10-invite/art_2] fabrication: 0件
  [judge1 m11-brand/art_1] fabrication: 0件
  [judge1 m11-brand/art_2] fabrication: 0件
  [judge1 m12-faq/art_1] fabrication: 0件
  [judge1 m12-faq/art_2] fabrication: 0件
judge1 fabrication 完了 → judge1_v5.json
