  [judge1 m01-lp/art_1] rework: 1件
  [m01-lp/art_2] rework JSON不読 (期待した形のJSONオブジェクトを抽出できない) — スキップ(再実行可)
  [judge1 m02-event/art_1] rework: 2件
  [judge1 m02-event/art_2] rework: 1件
  [judge1 m03-scout/art_1] rework: 1件
  [judge1 m03-scout/art_2] rework: 2件
  [judge1 m04-ec/art_1] rework: 5件
  [m04-ec/art_2] rework JSON不読 (期待した形のJSONオブジェクトを抽出できない) — スキップ(再実行可)
  [judge1 m05-portfolio/art_1] rework: 4件
  [judge1 m05-portfolio/art_2] rework: 5件
  [judge1 m06-news/art_1] rework: 2件
  [judge1 m06-news/art_2] rework: 3件
  [judge1 m07-recruit/art_1] rework: 2件
  [judge1 m07-recruit/art_2] rework: 3件
  [judge1 m08-apology/art_1] rework: 2件
  [m08-apology/art_2] rework JSON不読 (期待した形のJSONオブジェクトを抽出できない) — スキップ(再実行可)
  [judge1 m09-spec/art_1] rework: 4件
  [judge1 m09-spec/art_2] rework: 5件
  [judge1 m10-invite/art_1] rework: 4件
  [judge1 m10-invite/art_2] rework: 3件
  [judge1 m11-brand/art_1] rework: 3件
  [judge1 m11-brand/art_2] rework: 5件
  [m12-faq/art_1] rework JSON不読 (期待した形のJSONオブジェクトを抽出できない) — スキップ(再実行可)
  [judge1 m12-faq/art_2] rework: 0件
judge1 rework 完了 → judge1_v5.json
