  [glm-5.2 j3 m01-lp/art_1] rework: 1件 ¥0.99596000 (8.2s)
  [glm-5.2 j3 m01-lp/art_2] rework: 2件 ¥1.48401000 (10.6s)
  [glm-5.2 j3 m02-event/art_1] rework: 4件 ¥1.64942000 (26.3s)
  [glm-5.2 j3 m02-event/art_2] rework: 2件 ¥2.35987000 (30.2s)
  [glm-5.2 j3 m03-scout/art_1] rework: 3件 ¥1.61997000 (15.5s)
  [glm-5.2 j3 m03-scout/art_2] rework: 3件 ¥1.25494000 (19.1s)
  [glm-5.2 j3 m04-ec/art_1] rework: 4件 ¥1.26536000 (13.7s)
  [glm-5.2 j3 m04-ec/art_2] rework: 4件 ¥1.71263000 (18.4s)
  [glm-5.2 j3 m05-portfolio/art_1] rework: 3件 ¥1.11361000 (14.7s)
  [glm-5.2 j3 m05-portfolio/art_2] rework: 4件 ¥1.42471000 (11.6s)
  [glm-5.2 j3 m06-news/art_1] rework: 2件 ¥1.46910000 (11.6s)
  [glm-5.2 j3 m06-news/art_2] rework: 2件 ¥1.24848000 (8.9s)
  [glm-5.2 j3 m07-recruit/art_1] rework: 3件 ¥1.97296000 (15.6s)
  [glm-5.2 j3 m07-recruit/art_2] rework: 4件 ¥1.27651000 (8.9s)
  [glm-5.2 j3 m08-apology/art_1] rework: 2件 ¥0.81884000 (7.2s)
  [glm-5.2 j3 m08-apology/art_2] rework: 4件 ¥1.69136000 (14.5s)
  [glm-5.2 j3 m09-spec/art_1] rework: 4件 ¥1.25649000 (9.9s)
  [glm-5.2 j3 m09-spec/art_2] rework: 4件 ¥0.90019000 (6.2s)
  [glm-5.2 j3 m10-invite/art_1] rework: 4件 ¥1.24727000 (8.1s)
  [glm-5.2 j3 m10-invite/art_2] rework: 2件 ¥0.77680000 (4.4s)
  [glm-5.2 j3 m11-brand/art_1] rework: 5件 ¥1.53940000 (11.5s)
  [glm-5.2 j3 m11-brand/art_2] rework: 5件 ¥1.64562000 (12.2s)
  [glm-5.2 j3 m12-faq/art_1] rework: 2件 ¥1.25269000 (9.1s)
  [glm-5.2 j3 m12-faq/art_2] rework: 4件 ¥1.45508000 (12.6s)
glm-5.2 judge3 rework 完了 → glm-5.2_judge3_rework_v6.json
