  [glm-5.2 j2 m01-lp/art_1] fabrication: 0件 ¥0.81999000 (4.1s)
  [glm-5.2 j2 m01-lp/art_2] fabrication: 0件 ¥0.74059000 (1.4s)
  [glm-5.2 j2 m02-event/art_1] fabrication: 0件 ¥0.86947000 (4.8s)
  [glm-5.2 j2 m02-event/art_2] fabrication: 0件 ¥1.60397000 (22.5s)
  [glm-5.2 j2 m03-scout/art_1] fabrication: 0件 ¥0.14002000 (2.4s)
  [glm-5.2 j2 m03-scout/art_2] fabrication: 1件 ¥1.07878000 (13.0s)
  [glm-5.2 j2 m04-ec/art_1] fabrication: 0件 ¥0.32521000 (2.7s)
  [glm-5.2 j2 m04-ec/art_2] fabrication: 1件 ¥0.63367000 (6.8s)
  [glm-5.2 j2 m05-portfolio/art_1] fabrication: 1件 ¥0.48584000 (12.5s)
  [glm-5.2 j2 m05-portfolio/art_2] fabrication: 0件 ¥0.40329000 (3.3s)
  [glm-5.2 j2 m06-news/art_1] fabrication: 0件 ¥0.40068000 (5.6s)
  [glm-5.2 j2 m06-news/art_2] fabrication: 0件 ¥0.43165000 (5.7s)
  [glm-5.2 j2 m07-recruit/art_1] fabrication: 0件 ¥0.53082000 (5.0s)
  [glm-5.2 j2 m07-recruit/art_2] fabrication: 0件 ¥0.90417000 (8.7s)
  [glm-5.2 j2 m08-apology/art_1] fabrication: 0件 ¥0.31613000 (3.0s)
  [glm-5.2 j2 m08-apology/art_2] fabrication: 0件 ¥0.38736000 (11.8s)
  [glm-5.2 j2 m09-spec/art_1] fabrication: 0件 ¥1.30052000 (15.5s)
  [glm-5.2 j2 m09-spec/art_2] fabrication: 0件 ¥0.26277000 (2.4s)
  [glm-5.2 j2 m10-invite/art_1] fabrication: 0件 ¥0.45527000 (4.8s)
  [glm-5.2 j2 m10-invite/art_2] fabrication: 0件 ¥0.61504000 (6.0s)
  [glm-5.2 j2 m11-brand/art_1] fabrication: 0件 ¥0.77766000 (8.1s)
  [glm-5.2 j2 m11-brand/art_2] fabrication: 0件 ¥0.62319000 (9.3s)
  [glm-5.2 j2 m12-faq/art_1] fabrication: 0件 ¥0.36572000 (3.0s)
  [glm-5.2 j2 m12-faq/art_2] fabrication: 0件 ¥0.77333000 (7.8s)
glm-5.2 judge2 fabrication 完了 → glm-5.2_judge2_fabrication_v6.json
