  [glm-5.2 j3 m01-lp/art_1] fabrication: 0件 ¥0.66724000 (2.7s)
  [glm-5.2 j3 m01-lp/art_2] fabrication: 0件 ¥0.74059000 (2.7s)
  [glm-5.2 j3 m02-event/art_1] fabrication: 0件 ¥0.78822000 (3.7s)
  [glm-5.2 j3 m02-event/art_2] fabrication: 0件 ¥1.54157000 (12.7s)
  [glm-5.2 j3 m03-scout/art_1] fabrication: 0件 ¥0.57568000 (10.2s)
  [glm-5.2 j3 m03-scout/art_2] fabrication: 0件 ¥0.58803000 (6.9s)
  [glm-5.2 j3 m04-ec/art_1] fabrication: 0件 ¥0.45131000 (4.8s)
  [glm-5.2 j3 m04-ec/art_2] fabrication: 0件 ¥0.17347000 (1.3s)
  [glm-5.2 j3 m05-portfolio/art_1] fabrication: 1件 ¥0.57814000 (5.9s)
  [glm-5.2 j3 m05-portfolio/art_2] fabrication: 0件 ¥0.69904000 (6.9s)
  [glm-5.2 j3 m06-news/art_1] fabrication: 0件 ¥0.30903000 (10.7s)
  [glm-5.2 j3 m06-news/art_2] fabrication: 0件 ¥0.73390000 (8.1s)
  [glm-5.2 j3 m07-recruit/art_1] fabrication: 0件 ¥0.49702000 (4.3s)
  [glm-5.2 j3 m07-recruit/art_2] fabrication: 0件 ¥0.56162000 (4.8s)
  [glm-5.2 j3 m08-apology/art_1] fabrication: 0件 ¥0.12893000 (0.7s)
  [glm-5.2 j3 m08-apology/art_2] fabrication: 0件 ¥0.32366000 (5.2s)
  [glm-5.2 j3 m09-spec/art_1] fabrication: 0件 ¥1.42428000 (13.4s)
  [glm-5.2 j3 m09-spec/art_2] fabrication: 0件 ¥0.50262000 (10.1s)
  [glm-5.2 j3 m10-invite/art_1] fabrication: 0件 ¥0.43252000 (3.7s)
  [glm-5.2 j3 m10-invite/art_2] fabrication: 0件 ¥0.26339000 (2.3s)
  [glm-5.2 j3 m11-brand/art_1] fabrication: 0件 ¥0.86281000 (8.5s)
  [glm-5.2 j3 m11-brand/art_2] fabrication: 0件 ¥0.55754000 (5.3s)
  [glm-5.2 j3 m12-faq/art_1] fabrication: 0件 ¥0.51652000 (4.6s)
  [glm-5.2 j3 m12-faq/art_2] fabrication: 0件 ¥0.75982000 (3.5s)
glm-5.2 judge3 fabrication 完了 → glm-5.2_judge3_fabrication_v6.json
