  [glm-5.2 j1 m01-lp/art_1] rework: 1件 ¥0.73011000 (4.8s)
  [glm-5.2 j1 m01-lp/art_2] rework: 3件 ¥1.90391000 (16.4s)
  [glm-5.2 j1 m02-event/art_1] rework: 2件 ¥1.81127000 (20.4s)
  [glm-5.2 j1 m02-event/art_2] rework: 1件 ¥3.77882000 (43.4s)
  [glm-5.2 j1 m03-scout/art_1] rework: 3件 ¥1.39412000 (13.9s)
  [glm-5.2 j1 m03-scout/art_2] rework: 1件 ¥1.30276000 (11.1s)
  [glm-5.2 j1 m04-ec/art_1] rework: 2件 ¥1.05140000 (9.6s)
  [glm-5.2 j1 m04-ec/art_2] rework: 4件 ¥1.46364000 (13.9s)
  [glm-5.2 j1 m05-portfolio/art_1] rework: 4件 ¥1.60411000 (14.0s)
  [glm-5.2 j1 m05-portfolio/art_2] rework: 3件 ¥1.41041000 (12.6s)
  [glm-5.2 j1 m06-news/art_1] rework: 3件 ¥0.84705000 (6.2s)
  [glm-5.2 j1 m06-news/art_2] rework: 4件 ¥0.81688000 (6.2s)
  [glm-5.2 j1 m07-recruit/art_1] rework: 3件 ¥2.27001000 (20.6s)
  [glm-5.2 j1 m07-recruit/art_2] rework: 4件 ¥1.76141000 (14.8s)
  [glm-5.2 j1 m08-apology/art_1] rework: 2件 ¥1.43569000 (11.5s)
  [glm-5.2 j1 m08-apology/art_2] rework: 4件 ¥1.50741000 (12.5s)
  [glm-5.2 j1 m09-spec/art_1] rework: 6件 ¥1.37154000 (11.5s)
  [glm-5.2 j1 m09-spec/art_2] rework: 4件 ¥1.76794000 (14.5s)
  [glm-5.2 j1 m10-invite/art_1] rework: 4件 ¥0.87677000 (7.4s)
  [glm-5.2 j1 m10-invite/art_2] rework: 4件 ¥1.38780000 (11.2s)
  [glm-5.2 j1 m11-brand/art_1] rework: 6件 ¥1.66810000 (13.8s)
  [glm-5.2 j1 m11-brand/art_2] rework: 5件 ¥1.19452000 (8.8s)
  [glm-5.2 j1 m12-faq/art_1] rework: 2件 ¥2.30049000 (19.6s)
  [glm-5.2 j1 m12-faq/art_2] rework: 3件 ¥1.30233000 (9.4s)
glm-5.2 judge1 rework 完了 → glm-5.2_judge1_rework_v6.json
