  [glm-5.2 j1 m01-lp/art_1] fabrication: 0件 ¥0.73224000 (4.7s)
  [glm-5.2 j1 m01-lp/art_2] fabrication: 0件 ¥1.28789000 (7.3s)
  [glm-5.2 j1 m02-event/art_1] fabrication: 0件 ¥0.74337000 (2.9s)
  [glm-5.2 j1 m02-event/art_2] fabrication: 0件 ¥1.21332000 (7.5s)
  [glm-5.2 j1 m03-scout/art_1] fabrication: 0件 ¥0.74728000 (3.2s)
  [glm-5.2 j1 m03-scout/art_2] fabrication: 0件 ¥0.86037000 (5.0s)
  [glm-5.2 j1 m04-ec/art_1] fabrication: 0件 ¥0.55464000 (1.4s)
  [glm-5.2 j1 m04-ec/art_2] fabrication: 0件 ¥0.46508000 (2.6s)
  [glm-5.2 j1 m05-portfolio/art_1] fabrication: 0件 ¥1.25111000 (8.9s)
  [glm-5.2 j1 m05-portfolio/art_2] fabrication: 0件 ¥0.78181000 (3.0s)
  [glm-5.2 j1 m06-news/art_1] fabrication: 0件 ¥0.67452000 (5.6s)
  [glm-5.2 j1 m06-news/art_2] fabrication: 0件 ¥0.73015000 (4.3s)
  [glm-5.2 j1 m07-recruit/art_1] fabrication: 0件 ¥1.01568000 (5.3s)
  [glm-5.2 j1 m07-recruit/art_2] fabrication: 0件 ¥1.17333000 (6.2s)
  [glm-5.2 j1 m08-apology/art_1] fabrication: 0件 ¥0.59307000 (2.7s)
  [glm-5.2 j1 m08-apology/art_2] fabrication: 0件 ¥0.63164000 (4.1s)
  [glm-5.2 j1 m09-spec/art_1] fabrication: 0件 ¥2.23548000 (19.9s)
  [glm-5.2 j1 m09-spec/art_2] fabrication: 0件 ¥1.30718000 (8.8s)
  [glm-5.2 j1 m10-invite/art_1] fabrication: 0件 ¥0.93773000 (8.5s)
  [glm-5.2 j1 m10-invite/art_2] fabrication: 0件 ¥0.87026000 (4.5s)
  [glm-5.2 j1 m11-brand/art_1] fabrication: 0件 ¥0.60164000 (0.8s)
  [glm-5.2 j1 m11-brand/art_2] fabrication: 0件 ¥1.04196000 (6.9s)
  [glm-5.2 j1 m12-faq/art_1] fabrication: 0件 ¥1.02023000 (4.8s)
  [glm-5.2 j1 m12-faq/art_2] fabrication: 0件 ¥0.77282000 (2.8s)
glm-5.2 judge1 fabrication 完了 → glm-5.2_judge1_fabrication_v6.json
