  [glm-5.2 j2 m01-lp/art_1] rework: 2件 ¥1.32551000 (13.2s)
  [glm-5.2 j2 m01-lp/art_2] rework: 2件 ¥1.73101000 (13.3s)
  [glm-5.2 j2 m02-event/art_1] rework: 3件 ¥1.20937000 (11.7s)
  [glm-5.2 j2 m02-event/art_2] rework: 1件 ¥1.26917000 (11.2s)
  [glm-5.2 j2 m03-scout/art_1] rework: 2件 ¥1.85527000 (16.6s)
  [glm-5.2 j2 m03-scout/art_2] rework: 2件 ¥1.40026000 (13.5s)
  [glm-5.2 j2 m04-ec/art_1] rework: 3件 ¥1.68515000 (13.9s)
  [glm-5.2 j2 m04-ec/art_2] rework: 4件 ¥1.21599000 (11.2s)
  [glm-5.2 j2 m05-portfolio/art_1] rework: 3件 ¥0.90861000 (7.8s)
  [glm-5.2 j2 m05-portfolio/art_2] rework: 4件 ¥2.14361000 (22.1s)
  [glm-5.2 j2 m06-news/art_1] rework: 3件 ¥1.56855000 (14.3s)
  [glm-5.2 j2 m06-news/art_2] rework: 3件 ¥1.12368000 (8.5s)
  [glm-5.2 j2 m07-recruit/art_1] rework: 3件 ¥1.85596000 (15.9s)
  [glm-5.2 j2 m07-recruit/art_2] rework: 3件 ¥1.57421000 (11.2s)
  [glm-5.2 j2 m08-apology/art_1] rework: 1件 ¥1.45909000 (14.0s)
  [glm-5.2 j2 m08-apology/art_2] rework: 5件 ¥1.14991000 (10.1s)
  [glm-5.2 j2 m09-spec/art_1] rework: 4件 ¥1.26819000 (11.9s)
  [glm-5.2 j2 m09-spec/art_2] rework: 5件 ¥1.40784000 (11.5s)
  [glm-5.2 j2 m10-invite/art_1] rework: 3件 ¥1.24532000 (9.2s)
  [glm-5.2 j2 m10-invite/art_2] rework: 2件 ¥0.77160000 (5.3s)
  [glm-5.2 j2 m11-brand/art_1] rework: 5件 ¥1.33075000 (11.9s)
  [glm-5.2 j2 m11-brand/art_2] rework: 4件 ¥1.20362000 (9.4s)
  [glm-5.2 j2 m12-faq/art_1] rework: 3件 ¥2.28164000 (20.9s)
  [glm-5.2 j2 m12-faq/art_2] rework: 4件 ¥1.37513000 (10.6s)
glm-5.2 judge2 rework 完了 → glm-5.2_judge2_rework_v6.json
