  [kimi-k3 j1 m01-lp/art_1] fabrication: 0件 ¥1.92504000 (3.7s)
  [kimi-k3 j1 m01-lp/art_2] fabrication: 0件 ¥2.79384000 (10.2s)
  [kimi-k3 j1 m02-event/art_1] fabrication: 0件 ¥1.99168000 (4.1s)
  [kimi-k3 j1 m02-event/art_2] fabrication: 0件 ¥2.50592000 (11.9s)
  [kimi-k3 j1 m03-scout/art_1] fabrication: 0件 ¥0.94736000 (11.2s)
  [kimi-k3 j1 m03-scout/art_2] fabrication: 0件 ¥0.55456000 (4.3s)
  [kimi-k3 j1 m04-ec/art_1] fabrication: 0件 ¥0.40952000 (3.4s)
  [kimi-k3 j1 m04-ec/art_2] fabrication: 0件 ¥0.42360000 (2.2s)
  [kimi-k3 j1 m05-portfolio/art_1] fabrication: 1件 ¥1.08576000 (10.6s)
  [kimi-k3 j1 m05-portfolio/art_2] fabrication: 0件 ¥0.46912000 (2.1s)
  [kimi-k3 j1 m06-news/art_1] fabrication: 0件 ¥0.45384000 (4.9s)
  [kimi-k3 j1 m06-news/art_2] fabrication: 0件 ¥0.48392000 (3.4s)
  [kimi-k3 j1 m07-recruit/art_1] fabrication: 0件 ¥0.84304000 (7.2s)
  [kimi-k3 j1 m07-recruit/art_2] fabrication: 0件 ¥0.73368000 (5.9s)
  [kimi-k3 j1 m08-apology/art_1] fabrication: 0件 ¥0.43216000 (3.8s)
  [kimi-k3 j1 m08-apology/art_2] fabrication: 0件 ¥0.61168000 (3.5s)
  [kimi-k3 j1 m09-spec/art_1] fabrication: 1件 ¥2.51600000 (19.5s)
  [kimi-k3 j1 m09-spec/art_2] fabrication: 0件 ¥0.70040000 (8.6s)
  [kimi-k3 j1 m10-invite/art_1] fabrication: 0件 ¥0.50464000 (4.4s)
  [kimi-k3 j1 m10-invite/art_2] fabrication: 0件 ¥0.44608000 (2.6s)
  [kimi-k3 j1 m11-brand/art_1] fabrication: 0件 ¥0.46104000 (2.9s)
  [kimi-k3 j1 m11-brand/art_2] fabrication: 0件 ¥0.47272000 (3.3s)
  [kimi-k3 j1 m12-faq/art_1] fabrication: 0件 ¥0.54824000 (2.1s)
  [kimi-k3 j1 m12-faq/art_2] fabrication: 0件 ¥0.62552000 (3.7s)
kimi-k3 judge1 fabrication 完了 → kimi-k3_judge1_fabrication_v6.json
