  [kimi-k3 j3 m01-lp/art_1] fabrication: 0件 ¥1.97304000 (5.4s)
  [kimi-k3 j3 m01-lp/art_2] fabrication: 0件 ¥0.68384000 (3.3s)
  [kimi-k3 j3 m02-event/art_1] fabrication: 0件 ¥1.87968000 (1.9s)
  [kimi-k3 j3 m02-event/art_2] fabrication: 0件 ¥2.35392000 (8.3s)
  [kimi-k3 j3 m03-scout/art_1] fabrication: 0件 ¥1.84016000 (4.2s)
  [kimi-k3 j3 m03-scout/art_2] fabrication: 0件 ¥1.60576000 (4.1s)
  [kimi-k3 j3 m04-ec/art_1] fabrication: 0件 ¥1.58312000 (1.2s)
  [kimi-k3 j3 m04-ec/art_2] fabrication: 0件 ¥1.39760000 (1.4s)
  [kimi-k3 j3 m05-portfolio/art_1] fabrication: 0件 ¥2.09536000 (4.8s)
  [kimi-k3 j3 m05-portfolio/art_2] fabrication: 0件 ¥1.81632000 (4.4s)
  [kimi-k3 j3 m06-news/art_1] fabrication: 0件 ¥1.54184000 (5.4s)
  [kimi-k3 j3 m06-news/art_2] fabrication: 0件 ¥1.83152000 (8.6s)
  [kimi-k3 j3 m07-recruit/art_1] fabrication: 2件 ¥2.74584000 (13.9s)
  [kimi-k3 j3 m07-recruit/art_2] fabrication: 0件 ¥2.21288000 (2.9s)
  [kimi-k3 j3 m08-apology/art_1] fabrication: 0件 ¥1.62936000 (5.1s)
  [kimi-k3 j3 m08-apology/art_2] fabrication: 0件 ¥1.61888000 (4.1s)
  [kimi-k3 j3 m09-spec/art_1] fabrication: 1件 ¥2.70000000 (14.5s)
  [kimi-k3 j3 m09-spec/art_2] fabrication: 0件 ¥2.00240000 (7.3s)
  [kimi-k3 j3 m10-invite/art_1] fabrication: 0件 ¥1.67224000 (3.9s)
  [kimi-k3 j3 m10-invite/art_2] fabrication: 0件 ¥1.61768000 (3.4s)
  [kimi-k3 j3 m11-brand/art_1] fabrication: 0件 ¥2.00864000 (6.4s)
  [kimi-k3 j3 m11-brand/art_2] fabrication: 0件 ¥1.90712000 (3.7s)
  [kimi-k3 j3 m12-faq/art_1] fabrication: 0件 ¥2.15704000 (4.5s)
  [kimi-k3 j3 m12-faq/art_2] fabrication: 2件 ¥3.19472000 (21.9s)
kimi-k3 judge3 fabrication 完了 → kimi-k3_judge3_fabrication_v6.json
