  [kimi-k3 j3 m01-lp/art_1] rework: 2件 ¥2.78208000 (25.1s)
  [kimi-k3 j3 m01-lp/art_2] rework: 4件 ¥4.30568000 (61.5s)
  [kimi-k3 j3 m02-event/art_1] rework: 4件 ¥3.15848000 (52.5s)
  [kimi-k3 j3 m02-event/art_2] rework: 3件 ¥4.16952000 (27.1s)
  [kimi-k3 j3 m03-scout/art_1] rework: 4件 ¥2.89656000 (28.2s)
  [kimi-k3 j3 m03-scout/art_2] rework: 3件 ¥3.66256000 (31.9s)
  [kimi-k3 j3 m04-ec/art_1] rework: 7件 ¥2.28760000 (24.7s)
  [kimi-k3 j3 m04-ec/art_2] rework: 4件 ¥1.77968000 (14.0s)
  [kimi-k3 j3 m05-portfolio/art_1] rework: 6件 ¥2.84856000 (26.6s)
  [kimi-k3 j3 m05-portfolio/art_2] rework: 5件 ¥4.87392000 (41.5s)
  [kimi-k3 j3 m06-news/art_1] rework: 2件 ¥1.76536000 (15.7s)
  [kimi-k3 j3 m06-news/art_2] rework: 4件 ¥2.57624000 (23.6s)
  [kimi-k3 j3 m07-recruit/art_1] rework: 5件 ¥2.96592000 (24.3s)
  [kimi-k3 j3 m07-recruit/art_2] rework: 6件 ¥3.79136000 (41.8s)
  [kimi-k3 j3 m08-apology/art_1] rework: 4件 ¥3.08056000 (26.5s)
  [kimi-k3 j3 m08-apology/art_2] rework: 4件 ¥3.02208000 (26.0s)
  [kimi-k3 j3 m09-spec/art_1] rework: 6件 ¥4.37608000 (35.5s)
  [kimi-k3 j3 m09-spec/art_2] rework: 5件 ¥4.02768000 (40.6s)
  [kimi-k3 j3 m10-invite/art_1] rework: 3件 ¥1.87432000 (13.8s)
  [kimi-k3 j3 m10-invite/art_2] rework: 4件 ¥2.44176000 (20.2s)
  [kimi-k3 j3 m11-brand/art_1] rework: 4件 ¥3.54712000 (32.7s)
  [kimi-k3 j3 m11-brand/art_2] rework: 4件 ¥2.33880000 (19.1s)
  [kimi-k3 j3 m12-faq/art_1] rework: 4件 ¥3.52776000 (29.5s)
  [kimi-k3 j3 m12-faq/art_2] rework: 5件 ¥3.35584000 (32.0s)
kimi-k3 judge3 rework 完了 → kimi-k3_judge3_rework_v6.json
