  [kimi-k3 j2 m01-lp/art_1] rework: 2件 ¥3.18808000 (32.2s)
  [kimi-k3 j2 m01-lp/art_2] rework: 4件 ¥6.30968000 (99.5s)
  [kimi-k3 j2 m02-event/art_1] rework: 3件 ¥2.20648000 (18.0s)
  [kimi-k3 j2 m02-event/art_2] rework: 3件 ¥3.08352000 (21.8s)
  [kimi-k3 j2 m03-scout/art_1] rework: 5件 ¥3.67256000 (33.1s)
  [kimi-k3 j2 m03-scout/art_2] rework: 3件 ¥2.92576000 (23.6s)
  [kimi-k3 j2 m04-ec/art_1] rework: 6件 ¥3.30560000 (31.3s)
  [kimi-k3 j2 m04-ec/art_2] rework: 5件 ¥2.19168000 (19.4s)
  [kimi-k3 j2 m05-portfolio/art_1] rework: 5件 ¥2.83256000 (26.7s)
  [kimi-k3 j2 m05-portfolio/art_2] rework: 4件 ¥2.61592000 (19.0s)
  [kimi-k3 j2 m06-news/art_1] rework: 3件 ¥4.34536000 (40.2s)
  [kimi-k3 j2 m06-news/art_2] rework: 5件 ¥3.20424000 (28.2s)
  [kimi-k3 j2 m07-recruit/art_1] rework: 4件 ¥3.22192000 (29.8s)
  [kimi-k3 j2 m07-recruit/art_2] rework: 5件 ¥3.88536000 (39.2s)
  [kimi-k3 j2 m08-apology/art_1] rework: 5件 ¥2.98656000 (26.3s)
  [kimi-k3 j2 m08-apology/art_2] rework: 5件 ¥3.00808000 (23.8s)
  [kimi-k3 j2 m09-spec/art_1] rework: 5件 ¥4.43408000 (36.5s)
  [kimi-k3 j2 m09-spec/art_2] rework: 4件 ¥4.54368000 (44.6s)
  [kimi-k3 j2 m10-invite/art_1] rework: 4件 ¥2.51032000 (23.0s)
  [kimi-k3 j2 m10-invite/art_2] rework: 3件 ¥1.93576000 (15.7s)
  [kimi-k3 j2 m11-brand/art_1] rework: 6件 ¥4.06712000 (34.6s)
  [kimi-k3 j2 m11-brand/art_2] rework: 6件 ¥2.81080000 (29.1s)
  [kimi-k3 j2 m12-faq/art_1] rework: 3件 ¥2.49776000 (21.4s)
  [kimi-k3 j2 m12-faq/art_2] rework: 4件 ¥2.03784000 (14.8s)
kimi-k3 judge2 rework 完了 → kimi-k3_judge2_rework_v6.json
