  [kimi-k3 j2 m01-lp/art_1] fabrication: 0件 ¥1.92704000 (3.7s)
  [kimi-k3 j2 m01-lp/art_2] fabrication: 0件 ¥2.47384000 (4.1s)
  [kimi-k3 j2 m02-event/art_1] fabrication: 0件 ¥1.96168000 (4.3s)
  [kimi-k3 j2 m02-event/art_2] fabrication: 0件 ¥2.28592000 (6.7s)
  [kimi-k3 j2 m03-scout/art_1] fabrication: 0件 ¥2.02416000 (7.3s)
  [kimi-k3 j2 m03-scout/art_2] fabrication: 0件 ¥1.93376000 (8.5s)
  [kimi-k3 j2 m04-ec/art_1] fabrication: 0件 ¥1.58712000 (2.7s)
  [kimi-k3 j2 m04-ec/art_2] fabrication: 0件 ¥1.39560000 (5.0s)
  [kimi-k3 j2 m05-portfolio/art_1] fabrication: 1件 ¥2.64136000 (12.9s)
  [kimi-k3 j2 m05-portfolio/art_2] fabrication: 0件 ¥1.87632000 (2.6s)
  [kimi-k3 j2 m06-news/art_1] fabrication: 0件 ¥1.62584000 (3.6s)
  [kimi-k3 j2 m06-news/art_2] fabrication: 0件 ¥1.76352000 (10.4s)
  [kimi-k3 j2 m07-recruit/art_1] fabrication: 0件 ¥2.22984000 (7.3s)
  [kimi-k3 j2 m07-recruit/art_2] fabrication: 0件 ¥2.44688000 (5.9s)
  [kimi-k3 j2 m08-apology/art_1] fabrication: 0件 ¥1.48336000 (1.8s)
  [kimi-k3 j2 m08-apology/art_2] fabrication: 0件 ¥1.66688000 (3.9s)
  [kimi-k3 j2 m09-spec/art_1] fabrication: 0件 ¥2.05000000 (6.6s)
  [kimi-k3 j2 m09-spec/art_2] fabrication: 0件 ¥1.90240000 (5.0s)
  [kimi-k3 j2 m10-invite/art_1] fabrication: 0件 ¥1.64024000 (2.6s)
  [kimi-k3 j2 m10-invite/art_2] fabrication: 0件 ¥1.66368000 (3.9s)
  [kimi-k3 j2 m11-brand/art_1] fabrication: 0件 ¥2.07464000 (8.6s)
  [kimi-k3 j2 m11-brand/art_2] fabrication: 0件 ¥1.95712000 (5.5s)
  [kimi-k3 j2 m12-faq/art_1] fabrication: 0件 ¥2.02704000 (1.7s)
  [kimi-k3 j2 m12-faq/art_2] fabrication: 0件 ¥1.93872000 (4.3s)
kimi-k3 judge2 fabrication 完了 → kimi-k3_judge2_fabrication_v6.json
