  [kimi-k3 j1 m01-lp/art_1] rework: 1件 ¥2.50008000 (21.1s)
  [kimi-k3 j1 m01-lp/art_2] rework: 4件 ¥3.19768000 (44.7s)
  [kimi-k3 j1 m02-event/art_1] rework: 4件 ¥3.18248000 (51.1s)
  [kimi-k3 j1 m02-event/art_2] rework: 2件 ¥5.66752000 (52.4s)
  [kimi-k3 j1 m03-scout/art_1] rework: 5件 ¥3.24856000 (30.7s)
  [kimi-k3 j1 m03-scout/art_2] rework: 2件 ¥1.85456000 (15.0s)
  [kimi-k3 j1 m04-ec/art_1] rework: 7件 ¥3.44760000 (29.4s)
  [kimi-k3 j1 m04-ec/art_2] rework: 5件 ¥2.84168000 (26.8s)
  [kimi-k3 j1 m05-portfolio/art_1] rework: 5件 ¥2.88456000 (28.1s)
  [kimi-k3 j1 m05-portfolio/art_2] rework: 6件 ¥4.94392000 (41.0s)
  [kimi-k3 j1 m06-news/art_1] rework: 2件 ¥1.95936000 (16.3s)
  [kimi-k3 j1 m06-news/art_2] rework: 4件 ¥2.17024000 (19.4s)
  [kimi-k3 j1 m07-recruit/art_1] rework: 3件 ¥4.41792000 (37.8s)
  [kimi-k3 j1 m07-recruit/art_2] rework: 6件 ¥4.35736000 (45.3s)
  [kimi-k3 j1 m08-apology/art_1] rework: 4件 ¥2.31056000 (18.8s)
  [kimi-k3 j1 m08-apology/art_2] rework: 4件 ¥3.44808000 (29.7s)
  [kimi-k3 j1 m09-spec/art_1] rework: 6件 ¥5.01408000 (44.4s)
  [kimi-k3 j1 m09-spec/art_2] rework: 6件 ¥4.32368000 (40.0s)
  [kimi-k3 j1 m10-invite/art_1] rework: 4件 ¥2.16432000 (18.6s)
  [kimi-k3 j1 m10-invite/art_2] rework: 3件 ¥2.27576000 (19.2s)
  [kimi-k3 j1 m11-brand/art_1] rework: 5件 ¥2.57912000 (21.8s)
  [kimi-k3 j1 m11-brand/art_2] rework: 4件 ¥2.29880000 (19.7s)
  [kimi-k3 j1 m12-faq/art_1] rework: 2件 ¥2.57576000 (21.0s)
  [kimi-k3 j1 m12-faq/art_2] rework: 6件 ¥2.08584000 (20.8s)
kimi-k3 judge1 rework 完了 → kimi-k3_judge1_rework_v6.json
